 InterpolationIkinePD_cgxe

 Timestamp is 5eb33f21 (Thu May  7 00:50:09 2020)

 Preferred load address is 0000000180000000

 Start         Length     Name                   Class
 0001:00000000 00086030H .text$mn                CODE
 0001:00086030 00000012H .text$mn$00             CODE
 0001:00086042 00000081H .text$x                 CODE
 0002:00000000 00000448H .idata$5                DATA
 0002:00000448 00000010H .00cfg                  DATA
 0002:00000458 00000008H .CRT$XCA                DATA
 0002:00000460 00000008H .CRT$XCZ                DATA
 0002:00000468 00000008H .CRT$XIA                DATA
 0002:00000470 00000008H .CRT$XIZ                DATA
 0002:00000478 00000008H .CRT$XPA                DATA
 0002:00000480 00000008H .CRT$XPZ                DATA
 0002:00000488 00000008H .CRT$XTA                DATA
 0002:00000490 00000010H .CRT$XTZ                DATA
 0002:00000498 00000000H .gfids$y                DATA
 0002:000004a0 00000a58H .rdata                  DATA
 0002:00000ef8 00000218H .rdata$zzzdbg           DATA
 0002:00001110 00000008H .rtc$IAA                DATA
 0002:00001118 00000008H .rtc$IZZ                DATA
 0002:00001120 00000008H .rtc$TAA                DATA
 0002:00001128 00000008H .rtc$TZZ                DATA
 0002:00001130 000011e0H .xdata                  DATA
 0002:00002310 00000084H .edata                  DATA
 0002:00002394 00000104H .idata$2                DATA
 0002:00002498 00000018H .idata$3                DATA
 0002:000024b0 00000448H .idata$4                DATA
 0002:000028f8 00000b60H .idata$6                DATA
 0003:00000000 00014b00H .data                   DATA
 0003:00014b00 00000670H .bss                    DATA
 0004:00000000 00001308H .pdata                  DATA

  Address         Publics by Value              Rva+Base               Lib:Object

 0000:00000000       __guard_iat_table          0000000000000000     <absolute>
 0000:00000000       __guard_fids_table         0000000000000000     <absolute>
 0000:00000000       __dynamic_value_reloc_table 0000000000000000     <absolute>
 0000:00000000       __hybrid_code_map          0000000000000000     <absolute>
 0000:00000000       ___safe_se_handler_count   0000000000000000     <absolute>
 0000:00000000       __volatile_metadata        0000000000000000     <absolute>
 0000:00000000       ___safe_se_handler_table   0000000000000000     <absolute>
 0000:00000000       __guard_fids_count         0000000000000000     <absolute>
 0000:00000000       __enclave_config           0000000000000000     <absolute>
 0000:00000000       __hybrid_auxiliary_iat     0000000000000000     <absolute>
 0000:00000000       __guard_iat_count          0000000000000000     <absolute>
 0000:00000000       __AbsoluteZero             0000000000000000     <absolute>
 0000:00000000       __hybrid_code_map_count    0000000000000000     <absolute>
 0000:00000000       __guard_longjmp_table      0000000000000000     <absolute>
 0000:00000000       __guard_longjmp_count      0000000000000000     <absolute>
 0000:00000100       __guard_flags              0000000000000100     <absolute>
 0000:00000000       __ImageBase                0000000180000000     <linker-defined>
 0001:00000000       mexfilerequiredapiversion  0000000180001000 f   c_mexapi_version.obj
 0001:00000030       cgxe_InterpolationIkinePD_method_dispatcher 0000000180001030 f   InterpolationIkinePD_cgxe.obj
 0001:000000d0       method_dispatcher_v5VTtcRQevfNVdrzA5wKAG 00000001800010d0 f   m_v5VTtcRQevfNVdrzA5wKAG.obj
 0001:0007c970       cgxe_v5VTtcRQevfNVdrzA5wKAG_BuildInfoUpdate 000000018007d970 f   m_v5VTtcRQevfNVdrzA5wKAG.obj
 0001:0007cd80       cgxe_v5VTtcRQevfNVdrzA5wKAG_fallback_info 000000018007dd80 f   m_v5VTtcRQevfNVdrzA5wKAG.obj
 0001:0007ce20       mexFunction                000000018007de20 f   InterpolationIkinePD_cgxe_registry.obj
 0001:0007eb60       _ssSetInputPortDirectFeedThroughFcn 000000018007fb60 f   InterpolationIkinePD_cgxe_registry.obj
 0001:0007ecd0       _ssSetRWorkValueFcn        000000018007fcd0 f   InterpolationIkinePD_cgxe_registry.obj
 0001:0007ed50       _ssGetRWorkValueFcn        000000018007fd50 f   InterpolationIkinePD_cgxe_registry.obj
 0001:0007edc0       _ssSetIWorkValueFcn        000000018007fdc0 f   InterpolationIkinePD_cgxe_registry.obj
 0001:0007ee40       _ssGetIWorkValueFcn        000000018007fe40 f   InterpolationIkinePD_cgxe_registry.obj
 0001:0007eeb0       _ssSetPWorkValueFcn        000000018007feb0 f   InterpolationIkinePD_cgxe_registry.obj
 0001:0007ef30       _ssGetPWorkValueFcn        000000018007ff30 f   InterpolationIkinePD_cgxe_registry.obj
 0001:0007efa0       _ssGetInputPortSignalFcn   000000018007ffa0 f   InterpolationIkinePD_cgxe_registry.obj
 0001:0007f330       _ssGetInputPortBufferDstPortFcn 0000000180080330 f   InterpolationIkinePD_cgxe_registry.obj
 0001:0007f3b0       _ssGetInputPortSignalPtrsFcn 00000001800803b0 f   InterpolationIkinePD_cgxe_registry.obj
 0001:0007f740       ssGetParameterTuningCompliance 0000000180080740 f   InterpolationIkinePD_cgxe_registry.obj
 0001:0007f7b0       ssGetDTypeIdFromMxArray    00000001800807b0 f   InterpolationIkinePD_cgxe_registry.obj
 0001:0007f8d0       ssWriteRTWMx2dMatParam     00000001800808d0 f   InterpolationIkinePD_cgxe_registry.obj
 0001:0007f960       ssWriteRTWMxVectParam      0000000180080960 f   InterpolationIkinePD_cgxe_registry.obj
 0001:0007f9e0       ssWriteRTWParameters       00000001800809e0 f   InterpolationIkinePD_cgxe_registry.obj
 0001:0007ffa0       ssWriteRTWParamSettings    0000000180080fa0 f   InterpolationIkinePD_cgxe_registry.obj
 0001:00080690       ssWriteRTWStr              0000000180081690 f   InterpolationIkinePD_cgxe_registry.obj
 0001:000806f0       ssWriteRTWWorkVect         00000001800816f0 f   InterpolationIkinePD_cgxe_registry.obj
 0001:00080c50       ssWarning                  0000000180081c50 f   InterpolationIkinePD_cgxe_registry.obj
 0001:00080d40       ssWriteRTWNameValuePair    0000000180081d40 f   InterpolationIkinePD_cgxe_registry.obj
 0001:00081240       _ssSetInputPortMatrixDimensions 0000000180082240 f   InterpolationIkinePD_cgxe_registry.obj
 0001:00081360       _ssSetOutputPortMatrixDimensions 0000000180082360 f   InterpolationIkinePD_cgxe_registry.obj
 0001:00081480       _ssSetInputPortVectorDimension 0000000180082480 f   InterpolationIkinePD_cgxe_registry.obj
 0001:00081530       _ssSetOutputPortVectorDimension 0000000180082530 f   InterpolationIkinePD_cgxe_registry.obj
 0001:000815e0       ssIsRunTimeParamTunable    00000001800825e0 f   InterpolationIkinePD_cgxe_registry.obj
 0001:00081650       ssGetSFuncBlockHandle      0000000180082650 f   InterpolationIkinePD_cgxe_registry.obj
 0001:000816c0       _ssGetCurrentInputPortWidth 00000001800826c0 f   InterpolationIkinePD_cgxe_registry.obj
 0001:000817e0       _ssGetCurrentOutputPortWidth 00000001800827e0 f   InterpolationIkinePD_cgxe_registry.obj
 0001:00081900       _ssGetCallSystemNumFcnCallDestinations 0000000180082900 f   InterpolationIkinePD_cgxe_registry.obj
 0001:00081970       ssGetIsZeroCrossControlDisabled 0000000180082970 f   InterpolationIkinePD_cgxe_registry.obj
 0001:000819e0       ssSetIsInputPortUsedForContZcSignal 00000001800829e0 f   InterpolationIkinePD_cgxe_registry.obj
 0001:00081a50       ssSetZcSignalIsZcElementDisc 0000000180082a50 f   InterpolationIkinePD_cgxe_registry.obj
 0001:00081b00       ssSetZcSignalName          0000000180082b00 f   InterpolationIkinePD_cgxe_registry.obj
 0001:00081b70       ssSetZcSignalWidth         0000000180082b70 f   InterpolationIkinePD_cgxe_registry.obj
 0001:00081be0       ssSetZcSignalZcEventType   0000000180082be0 f   InterpolationIkinePD_cgxe_registry.obj
 0001:00081c50       ssSetZcSignalType          0000000180082c50 f   InterpolationIkinePD_cgxe_registry.obj
 0001:00081cc0       ssSetZcSignalZcTol         0000000180082cc0 f   InterpolationIkinePD_cgxe_registry.obj
 0001:00081d30       ssSetZcSignalNeedsEventNotification 0000000180082d30 f   InterpolationIkinePD_cgxe_registry.obj
 0001:00081da0       ssCreateAndAddZcSignalInfo 0000000180082da0 f   InterpolationIkinePD_cgxe_registry.obj
 0001:00081e10       ssCloneAndAddZcSignalInfo  0000000180082e10 f   InterpolationIkinePD_cgxe_registry.obj
 0001:00081e80       ssGetNumZcSignals          0000000180082e80 f   InterpolationIkinePD_cgxe_registry.obj
 0001:00081ef0       ssGetZcSignalVector        0000000180082ef0 f   InterpolationIkinePD_cgxe_registry.obj
 0001:00081f60       ssGetZcSignalName          0000000180082f60 f   InterpolationIkinePD_cgxe_registry.obj
 0001:00081fd0       ssGetZcSignalWidth         0000000180082fd0 f   InterpolationIkinePD_cgxe_registry.obj
 0001:00082040       ssGetZcSignalZcEventType   0000000180083040 f   InterpolationIkinePD_cgxe_registry.obj
 0001:000820b0       ssGetZcSignalZcEvents      00000001800830b0 f   InterpolationIkinePD_cgxe_registry.obj
 0001:00082120       ssGetZcSignalType          0000000180083120 f   InterpolationIkinePD_cgxe_registry.obj
 0001:00082190       ssGetZcSignalZcTol         0000000180083190 f   InterpolationIkinePD_cgxe_registry.obj
 0001:00082210       ssGetZcSignalNeedsEventNotification 0000000180083210 f   InterpolationIkinePD_cgxe_registry.obj
 0001:00082280       ssGetZcSignalIsZcElementDisc 0000000180083280 f   InterpolationIkinePD_cgxe_registry.obj
 0001:00082320       ssGetIsInputPortElementContinuous 0000000180083320 f   InterpolationIkinePD_cgxe_registry.obj
 0001:000823c0       _ssGetAbsTol               00000001800833c0 f   InterpolationIkinePD_cgxe_registry.obj
 0001:00082430       _ssSetStateAbsTol          0000000180083430 f   InterpolationIkinePD_cgxe_registry.obj
 0001:00082510       _ssSetInputPortReusableFcn 0000000180083510 f   InterpolationIkinePD_cgxe_registry.obj
 0001:00082610       _ssSetOutputPortReusableFcn 0000000180083610 f   InterpolationIkinePD_cgxe_registry.obj
 0001:00082710       _ssSetSymbolicDimsSupport  0000000180083710 f   InterpolationIkinePD_cgxe_registry.obj
 0001:00082780       _ssRegisterSymbolicDimsExpr 0000000180083780 f   InterpolationIkinePD_cgxe_registry.obj
 0001:00082800       _ssRegisterSymbolicDims    0000000180083800 f   InterpolationIkinePD_cgxe_registry.obj
 0001:000828a0       _ssRegisterSymbolicDimsString 00000001800838a0 f   InterpolationIkinePD_cgxe_registry.obj
 0001:00082920       _ssRegisterSymbolicDimsIntValue 0000000180083920 f   InterpolationIkinePD_cgxe_registry.obj
 0001:00082990       _ssRegisterSymbolicDimsPlus 0000000180083990 f   InterpolationIkinePD_cgxe_registry.obj
 0001:00082a10       _ssRegisterSymbolicDimsMinus 0000000180083a10 f   InterpolationIkinePD_cgxe_registry.obj
 0001:00082a90       _ssRegisterSymbolicDimsMultiply 0000000180083a90 f   InterpolationIkinePD_cgxe_registry.obj
 0001:00082b10       _ssRegisterSymbolicDimsDivide 0000000180083b10 f   InterpolationIkinePD_cgxe_registry.obj
 0001:00082b90       _ssGetNumSymbolicDims      0000000180083b90 f   InterpolationIkinePD_cgxe_registry.obj
 0001:00082c00       _ssGetSymbolicDim          0000000180083c00 f   InterpolationIkinePD_cgxe_registry.obj
 0001:00082c80       _ssSetInputPortSymbolicDimsId 0000000180083c80 f   InterpolationIkinePD_cgxe_registry.obj
 0001:00082cf0       _ssGetCompInputPortSymbolicDimsId 0000000180083cf0 f   InterpolationIkinePD_cgxe_registry.obj
 0001:00082d60       _ssSetCompInputPortSymbolicDimsId 0000000180083d60 f   InterpolationIkinePD_cgxe_registry.obj
 0001:00082dd0       _ssSetOutputPortSymbolicDimsId 0000000180083dd0 f   InterpolationIkinePD_cgxe_registry.obj
 0001:00082e40       _ssGetCompOutputPortSymbolicDimsId 0000000180083e40 f   InterpolationIkinePD_cgxe_registry.obj
 0001:00082eb0       _ssSetCompOutputPortSymbolicDimsId 0000000180083eb0 f   InterpolationIkinePD_cgxe_registry.obj
 0001:00082f20       _ssSetCompDWorkSymbolicDimsId 0000000180083f20 f   InterpolationIkinePD_cgxe_registry.obj
 0001:000849a0       __local_stdio_printf_options 00000001800859a0 f i InterpolationIkinePD_cgxe_registry.obj
 0001:000849b0       _vsnprintf_l               00000001800859b0 f i InterpolationIkinePD_cgxe_registry.obj
 0001:00084a30       _vsprintf_l                0000000180085a30 f i InterpolationIkinePD_cgxe_registry.obj
 0001:00084a80       sprintf                    0000000180085a80 f i InterpolationIkinePD_cgxe_registry.obj
 0001:00084acf       mxSetCell_800              0000000180085acf f   libmx:libmx.dll
 0001:00084ad5       mxSetFieldByNumber_800     0000000180085ad5 f   libmx:libmx.dll
 0001:00084adb       mxCreateString_800         0000000180085adb f   libmx:libmx.dll
 0001:00084ae1       mxCreateCellMatrix_800     0000000180085ae1 f   libmx:libmx.dll
 0001:00084ae7       mxCreateStructMatrix_800   0000000180085ae7 f   libmx:libmx.dll
 0001:00084aed       mxGetInf_800               0000000180085aed f   libmx:libmx.dll
 0001:00084af3       mxGetNaN_800               0000000180085af3 f   libmx:libmx.dll
 0001:00084af9       mxCalloc_800               0000000180085af9 f   libmx:libmx.dll
 0001:00084aff       mxGetM_800                 0000000180085aff f   libmx:libmx.dll
 0001:00084b05       mxGetClassID_800           0000000180085b05 f   libmx:libmx.dll
 0001:00084b0b       mxGetData_800              0000000180085b0b f   libmx:libmx.dll
 0001:00084b11       mxIsNumeric_800            0000000180085b11 f   libmx:libmx.dll
 0001:00084b17       mxIsChar_800               0000000180085b17 f   libmx:libmx.dll
 0001:00084b1d       mxIsComplex_800            0000000180085b1d f   libmx:libmx.dll
 0001:00084b23       mxGetN_800                 0000000180085b23 f   libmx:libmx.dll
 0001:00084b29       mxGetPr_800                0000000180085b29 f   libmx:libmx.dll
 0001:00084b2f       mxSetField_800             0000000180085b2f f   libmx:libmx.dll
 0001:00084b35       mxCreateNumericMatrix_800  0000000180085b35 f   libmx:libmx.dll
 0001:00084b3b       mxCreateDoubleMatrix_800   0000000180085b3b f   libmx:libmx.dll
 0001:00084b41       mxCreateDoubleScalar_800   0000000180085b41 f   libmx:libmx.dll
 0001:00084b47       mxGetString_800            0000000180085b47 f   libmx:libmx.dll
 0001:00084b4d       mexWarnMsgTxt_800          0000000180085b4d f   libmex:libmex.dll
 0001:00084b53       mexPrintf_800              0000000180085b53 f   libmex:libmex.dll
 0001:00084b59       mexCallMATLAB_800          0000000180085b59 f   libmex:libmex.dll
 0001:00084b5f       mexUnlock_800              0000000180085b5f f   libmex:libmex.dll
 0001:00084b65       mexIsLocked_800            0000000180085b65 f   libmex:libmex.dll
 0001:00084b6b       muDoubleScalarAbs          0000000180085b6b f   libmwmathutil:libmwmathutil.dll
 0001:00084b71       muDoubleScalarFloor        0000000180085b71 f   libmwmathutil:libmwmathutil.dll
 0001:00084b77       muDoubleScalarRound        0000000180085b77 f   libmwmathutil:libmwmathutil.dll
 0001:00084b7d       muDoubleScalarAcos         0000000180085b7d f   libmwmathutil:libmwmathutil.dll
 0001:00084b83       muDoubleScalarCos          0000000180085b83 f   libmwmathutil:libmwmathutil.dll
 0001:00084b89       muDoubleScalarExp          0000000180085b89 f   libmwmathutil:libmwmathutil.dll
 0001:00084b8f       muDoubleScalarLog          0000000180085b8f f   libmwmathutil:libmwmathutil.dll
 0001:00084b95       muDoubleScalarAtan2        0000000180085b95 f   libmwmathutil:libmwmathutil.dll
 0001:00084b9b       muDoubleScalarMax          0000000180085b9b f   libmwmathutil:libmwmathutil.dll
 0001:00084ba1       muDoubleScalarMin          0000000180085ba1 f   libmwmathutil:libmwmathutil.dll
 0001:00084ba7       muDoubleScalarSin          0000000180085ba7 f   libmwmathutil:libmwmathutil.dll
 0001:00084bad       muDoubleScalarSqrt         0000000180085bad f   libmwmathutil:libmwmathutil.dll
 0001:00084bb3       muDoubleScalarRem          0000000180085bb3 f   libmwmathutil:libmwmathutil.dll
 0001:00084bb9       muDoubleScalarHypot        0000000180085bb9 f   libmwmathutil:libmwmathutil.dll
 0001:00084bbf       muIntScalarMin_sint32      0000000180085bbf f   libmwmathutil:libmwmathutil.dll
 0001:00084bc5       muDoubleScalarIsNaN        0000000180085bc5 f   libmwmathutil:libmwmathutil.dll
 0001:00084bcb       muDoubleScalarIsInf        0000000180085bcb f   libmwmathutil:libmwmathutil.dll
 0001:00084bd1       emlrtAlias                 0000000180085bd1 f   libemlrt:libemlrt.dll
 0001:00084bd7       emlrtAssign                0000000180085bd7 f   libemlrt:libemlrt.dll
 0001:00084bdd       emlrtDynamicBoundsCheckR2012b 0000000180085bdd f   libemlrt:libemlrt.dll
 0001:00084be3       emlrtCreateNumericMatrix   0000000180085be3 f   libemlrt:libemlrt.dll
 0001:00084be9       emlrtCreateDoubleScalar    0000000180085be9 f   libemlrt:libemlrt.dll
 0001:00084bef       emlrtCreateCharArray       0000000180085bef f   libemlrt:libemlrt.dll
 0001:00084bf5       emlrtDestroyArray          0000000180085bf5 f   libemlrt:libemlrt.dll
 0001:00084bfb       emlrtIntegerCheckR2012b    0000000180085bfb f   libemlrt:libemlrt.dll
 0001:00084c01       emlrtNonNegativeCheckR2012b 0000000180085c01 f   libemlrt:libemlrt.dll
 0001:00084c07       emlrtForLoopVectorCheckR2012b 0000000180085c07 f   libemlrt:libemlrt.dll
 0001:00084c0d       emlrtCallMATLABR2012b      0000000180085c0d f   libemlrt:libemlrt.dll
 0001:00084c13       emlrtMallocMex             0000000180085c13 f   libemlrt:libemlrt.dll
 0001:00084c19       emlrtCallocMex             0000000180085c19 f   libemlrt:libemlrt.dll
 0001:00084c1f       emlrtFreeMex               0000000180085c1f f   libemlrt:libemlrt.dll
 0001:00084c25       emlrtInitCharArrayR2013a   0000000180085c25 f   libemlrt:libemlrt.dll
 0001:00084c2b       emlrtDivisionByZeroWarningOrError2018b 0000000180085c2b f   libemlrt:libemlrt.dll
 0001:00084c31       emlrtSizeEqCheck1DR2012b   0000000180085c31 f   libemlrt:libemlrt.dll
 0001:00084c37       emlrtSizeEqCheckNDR2012b   0000000180085c37 f   libemlrt:libemlrt.dll
 0001:00084c3d       emlrtDimSizeGeqCheckR2012b 0000000180085c3d f   libemlrt:libemlrt.dll
 0001:00084c43       emlrtSubAssignSizeCheckR2012b 0000000180085c43 f   libemlrt:libemlrt.dll
 0001:00084c49       emlrtSubAssignSizeCheck1dR2017a 0000000180085c49 f   libemlrt:libemlrt.dll
 0001:00084c4f       emlrtCheckBuiltInR2012b    0000000180085c4f f   libemlrt:libemlrt.dll
 0001:00084c55       emlrtImportCharArrayR2015b 0000000180085c55 f   libemlrt:libemlrt.dll
 0001:00084c5b       emlrtMxGetData             0000000180085c5b f   libemlrt:libemlrt.dll
 0001:00084c61       cgxertGetInputPortSignal   0000000180085c61 f   libmwcgxert:libmwcgxert.dll
 0001:00084c67       cgxertGetOutputPortSignal  0000000180085c67 f   libmwcgxert:libmwcgxert.dll
 0001:00084c6d       cgxertSetSimStateCompliance 0000000180085c6d f   libmwcgxert:libmwcgxert.dll
 0001:00084c73       cgxertGetRuntimeInstance   0000000180085c73 f   libmwcgxert:libmwcgxert.dll
 0001:00084c79       cgxertSetRuntimeInstance   0000000180085c79 f   libmwcgxert:libmwcgxert.dll
 0001:00084c7f       cgxertGetEMLRTCtx          0000000180085c7f f   libmwcgxert:libmwcgxert.dll
 0001:00084c85       cgxertSetGcb               0000000180085c85 f   libmwcgxert:libmwcgxert.dll
 0001:00084c8b       cgxertRestoreGcb           0000000180085c8b f   libmwcgxert:libmwcgxert.dll
 0001:00084c91       dgemm                      0000000180085c91 f   libmwblas:libmwblas.dll
 0001:00084c97       drotg                      0000000180085c97 f   libmwblas:libmwblas.dll
 0001:00084c9d       dtrsm                      0000000180085c9d f   libmwblas:libmwblas.dll
 0001:00084ca3       LAPACKE_dgeqp3             0000000180085ca3 f   libmwlapack:libmwlapack.dll
 0001:00084ca9       LAPACKE_dormqr             0000000180085ca9 f   libmwlapack:libmwlapack.dll
 0001:00084caf       LAPACKE_dgetrf_work        0000000180085caf f   libmwlapack:libmwlapack.dll
 0001:00084cb5       LAPACKE_dgetrs_work        0000000180085cb5 f   libmwlapack:libmwlapack.dll
 0001:00084cbb       LAPACKE_dpotrf_work        0000000180085cbb f   libmwlapack:libmwlapack.dll
 0001:00084cc4       __raise_securityfailure    0000000180085cc4 f   MSVCRT:gs_report.obj
 0001:00084cf8       __report_gsfailure         0000000180085cf8 f   MSVCRT:gs_report.obj
 0001:00084dcc       __report_rangecheckfailure 0000000180085dcc f   MSVCRT:gs_report.obj
 0001:00084de0       __report_securityfailure   0000000180085de0 f   MSVCRT:gs_report.obj
 0001:00084e7c       __report_securityfailureEx 0000000180085e7c f   MSVCRT:gs_report.obj
 0001:00085070       __GSHandlerCheck           0000000180086070 f   MSVCRT:gshandler.obj
 0001:00085090       __GSHandlerCheckCommon     0000000180086090 f   MSVCRT:gshandler.obj
 0001:00085100       __security_check_cookie    0000000180086100 f   MSVCRT:amdsecgs.obj
 0001:00085460       _CRT_INIT                  0000000180086460 f   MSVCRT:dll_dllmain.obj
 0001:00085468       _DllMainCRTStartup         0000000180086468 f   MSVCRT:dll_dllmain.obj
 0001:00085514       __security_init_cookie     0000000180086514 f   MSVCRT:gs_support.obj
 0001:000855c0       DllMain                    00000001800865c0 f   MSVCRT:dll_dllmain_stub.obj
 0001:000855e4       ?__scrt_initialize_type_info@@YAXXZ 00000001800865e4 f   MSVCRT:tncleanup.obj
 0001:000855f4       ?__scrt_uninitialize_type_info@@YAXXZ 00000001800865f4 f   MSVCRT:tncleanup.obj
 0001:00085600       __local_stdio_scanf_options 0000000180086600 f i MSVCRT:default_local_stdio_options.obj
 0001:00085608       __scrt_initialize_default_local_stdio_options 0000000180086608 f   MSVCRT:default_local_stdio_options.obj
 0001:00085624       ?configure_argv@__scrt_narrow_argv_policy@@SAHXZ 0000000180086624 f i MSVCRT:utility.obj
 0001:00085684       ?initialize_environment@__scrt_narrow_environment_policy@@SAHXZ 0000000180086684 f i MSVCRT:utility.obj
 0001:000856bc       NtCurrentTeb               00000001800866bc f i MSVCRT:utility.obj
 0001:000856c8       __scrt_acquire_startup_lock 00000001800866c8 f   MSVCRT:utility.obj
 0001:00085704       __scrt_dllmain_after_initialize_c 0000000180086704 f   MSVCRT:utility.obj
 0001:00085738       __scrt_dllmain_before_initialize_c 0000000180086738 f   MSVCRT:utility.obj
 0001:00085750       __scrt_dllmain_crt_thread_attach 0000000180086750 f   MSVCRT:utility.obj
 0001:00085778       __scrt_dllmain_crt_thread_detach 0000000180086778 f   MSVCRT:utility.obj
 0001:00085790       __scrt_dllmain_exception_filter 0000000180086790 f   MSVCRT:utility.obj
 0001:000857f0       __scrt_dllmain_uninitialize_c 00000001800867f0 f   MSVCRT:utility.obj
 0001:00085820       __scrt_dllmain_uninitialize_critical 0000000180086820 f   MSVCRT:utility.obj
 0001:00085834       __scrt_initialize_crt      0000000180086834 f   MSVCRT:utility.obj
 0001:00085880       __scrt_initialize_onexit_tables 0000000180086880 f   MSVCRT:utility.obj
 0001:0008590c       __scrt_is_nonwritable_in_current_image 000000018008690c f   MSVCRT:utility.obj
 0001:000859a4       __scrt_release_startup_lock 00000001800869a4 f   MSVCRT:utility.obj
 0001:000859c8       __scrt_uninitialize_crt    00000001800869c8 f   MSVCRT:utility.obj
 0001:000859f4       _onexit                    00000001800869f4 f   MSVCRT:utility.obj
 0001:00085a30       at_quick_exit              0000000180086a30 f   MSVCRT:utility.obj
 0001:00085a50       atexit                     0000000180086a50 f   MSVCRT:utility.obj
 0001:00085a68       __scrt_get_dyn_tls_init_callback 0000000180086a68 f   MSVCRT:dyn_tls_init.obj
 0001:00085a70       __crt_debugger_hook        0000000180086a70 f   MSVCRT:utility_desktop.obj
 0001:00085a78       __scrt_fastfail            0000000180086a78 f   MSVCRT:utility_desktop.obj
 0001:00085bc4       __scrt_get_show_window_mode 0000000180086bc4 f   MSVCRT:utility_desktop.obj
 0001:00085c00       __scrt_initialize_mta      0000000180086c00 f   MSVCRT:utility_desktop.obj
 0001:00085c08       __scrt_initialize_winrt    0000000180086c08 f   MSVCRT:utility_desktop.obj
 0001:00085c0c       __scrt_is_managed_app      0000000180086c0c f   MSVCRT:utility_desktop.obj
 0001:00085c60       __scrt_set_unhandled_exception_filter 0000000180086c60 f   MSVCRT:utility_desktop.obj
 0001:00085c70       __scrt_exe_initialize_mta  0000000180086c70 f   MSVCRT:utility_desktop.obj
 0001:00085c70       __scrt_stub_for_initialize_mta 0000000180086c70 f   MSVCRT:utility_desktop.obj
 0001:00085c74       __scrt_unhandled_exception_filter 0000000180086c74 f   MSVCRT:utility_desktop.obj
 0001:00085cd0       _RTC_Initialize            0000000180086cd0 f   MSVCRT:initsect.obj
 0001:00085d0c       _RTC_Terminate             0000000180086d0c f   MSVCRT:initsect.obj
 0001:00085d48       _guard_check_icall_nop     0000000180086d48 f i MSVCRT:guard_support.obj
 0001:00085d4c       ReadNoFence64              0000000180086d4c f i MSVCRT:guard_support.obj
 0001:00085d50       ReadPointerNoFence         0000000180086d50 f i MSVCRT:guard_support.obj
 0001:00085d54       _guard_icall_checks_enforced 0000000180086d54 f i MSVCRT:guard_support.obj
 0001:00085d6c       _guard_rf_checks_enforced  0000000180086d6c f i MSVCRT:guard_support.obj
 0001:00085d70       __isa_available_init       0000000180086d70 f   MSVCRT:cpu_disp.obj
 0001:00085f08       _get_startup_argv_mode     0000000180086f08 f   MSVCRT:argv_mode.obj
 0001:00085f10       __scrt_is_ucrt_dll_in_use  0000000180086f10 f   MSVCRT:ucrt_detection.obj
 0001:00085f20       RtlCaptureContext          0000000180086f20 f   kernel32:KERNEL32.dll
 0001:00085f26       RtlLookupFunctionEntry     0000000180086f26 f   kernel32:KERNEL32.dll
 0001:00085f2c       RtlVirtualUnwind           0000000180086f2c f   kernel32:KERNEL32.dll
 0001:00085f32       UnhandledExceptionFilter   0000000180086f32 f   kernel32:KERNEL32.dll
 0001:00085f38       SetUnhandledExceptionFilter 0000000180086f38 f   kernel32:KERNEL32.dll
 0001:00085f3e       GetCurrentProcess          0000000180086f3e f   kernel32:KERNEL32.dll
 0001:00085f44       TerminateProcess           0000000180086f44 f   kernel32:KERNEL32.dll
 0001:00085f4a       IsProcessorFeaturePresent  0000000180086f4a f   kernel32:KERNEL32.dll
 0001:00085f50       QueryPerformanceCounter    0000000180086f50 f   kernel32:KERNEL32.dll
 0001:00085f56       GetCurrentProcessId        0000000180086f56 f   kernel32:KERNEL32.dll
 0001:00085f5c       GetCurrentThreadId         0000000180086f5c f   kernel32:KERNEL32.dll
 0001:00085f62       GetSystemTimeAsFileTime    0000000180086f62 f   kernel32:KERNEL32.dll
 0001:00085f68       DisableThreadLibraryCalls  0000000180086f68 f   kernel32:KERNEL32.dll
 0001:00085f6e       InitializeSListHead        0000000180086f6e f   kernel32:KERNEL32.dll
 0001:00085f74       IsDebuggerPresent          0000000180086f74 f   kernel32:KERNEL32.dll
 0001:00085f7a       GetStartupInfoW            0000000180086f7a f   kernel32:KERNEL32.dll
 0001:00085f80       GetModuleHandleW           0000000180086f80 f   kernel32:KERNEL32.dll
 0001:00085f86       memcpy                     0000000180086f86 f   vcruntime:VCRUNTIME140.dll
 0001:00085f8c       __C_specific_handler       0000000180086f8c f   vcruntime:VCRUNTIME140.dll
 0001:00085f92       __std_type_info_destroy_list 0000000180086f92 f   vcruntime:VCRUNTIME140.dll
 0001:00085f98       __current_exception        0000000180086f98 f   vcruntime:VCRUNTIME140.dll
 0001:00085f9e       __current_exception_context 0000000180086f9e f   vcruntime:VCRUNTIME140.dll
 0001:00085fa4       memset                     0000000180086fa4 f   vcruntime:VCRUNTIME140.dll
 0001:00085faa       calloc                     0000000180086faa f   ucrt:api-ms-win-crt-heap-l1-1-0.dll
 0001:00085fb0       free                       0000000180086fb0 f   ucrt:api-ms-win-crt-heap-l1-1-0.dll
 0001:00085fb6       strcmp                     0000000180086fb6 f   ucrt:api-ms-win-crt-string-l1-1-0.dll
 0001:00085fbc       strlen                     0000000180086fbc f   ucrt:api-ms-win-crt-string-l1-1-0.dll
 0001:00085fc2       __stdio_common_vsprintf    0000000180086fc2 f   ucrt:api-ms-win-crt-stdio-l1-1-0.dll
 0001:00085fc8       malloc                     0000000180086fc8 f   ucrt:api-ms-win-crt-heap-l1-1-0.dll
 0001:00085fce       _initterm                  0000000180086fce f   ucrt:api-ms-win-crt-runtime-l1-1-0.dll
 0001:00085fd4       _initterm_e                0000000180086fd4 f   ucrt:api-ms-win-crt-runtime-l1-1-0.dll
 0001:00085fda       _seh_filter_dll            0000000180086fda f   ucrt:api-ms-win-crt-runtime-l1-1-0.dll
 0001:00085fe0       _configure_narrow_argv     0000000180086fe0 f   ucrt:api-ms-win-crt-runtime-l1-1-0.dll
 0001:00085fe6       _initialize_narrow_environment 0000000180086fe6 f   ucrt:api-ms-win-crt-runtime-l1-1-0.dll
 0001:00085fec       _initialize_onexit_table   0000000180086fec f   ucrt:api-ms-win-crt-runtime-l1-1-0.dll
 0001:00085ff2       _register_onexit_function  0000000180086ff2 f   ucrt:api-ms-win-crt-runtime-l1-1-0.dll
 0001:00085ff8       _execute_onexit_table      0000000180086ff8 f   ucrt:api-ms-win-crt-runtime-l1-1-0.dll
 0001:00085ffe       _crt_atexit                0000000180086ffe f   ucrt:api-ms-win-crt-runtime-l1-1-0.dll
 0001:00086004       _crt_at_quick_exit         0000000180087004 f   ucrt:api-ms-win-crt-runtime-l1-1-0.dll
 0001:0008600a       _cexit                     000000018008700a f   ucrt:api-ms-win-crt-runtime-l1-1-0.dll
 0001:00086010       terminate                  0000000180087010 f   ucrt:api-ms-win-crt-runtime-l1-1-0.dll
 0001:00086018       __acrt_initialize          0000000180087018 f   MSVCRT:ucrt_stubs.obj
 0001:00086018       __scrt_stub_for_acrt_initialize 0000000180087018 f   MSVCRT:ucrt_stubs.obj
 0001:00086018       __vcrt_initialize          0000000180087018 f   MSVCRT:ucrt_stubs.obj
 0001:0008601c       __scrt_stub_for_acrt_thread_attach 000000018008701c f   MSVCRT:ucrt_stubs.obj
 0001:0008601c       __acrt_thread_attach       000000018008701c f   MSVCRT:ucrt_stubs.obj
 0001:0008601c       __vcrt_thread_attach       000000018008701c f   MSVCRT:ucrt_stubs.obj
 0001:00086020       __vcrt_thread_detach       0000000180087020 f   MSVCRT:ucrt_stubs.obj
 0001:00086020       __scrt_stub_for_acrt_thread_detach 0000000180087020 f   MSVCRT:ucrt_stubs.obj
 0001:00086020       __acrt_thread_detach       0000000180087020 f   MSVCRT:ucrt_stubs.obj
 0001:00086024       __acrt_uninitialize        0000000180087024 f   MSVCRT:ucrt_stubs.obj
 0001:00086024       __scrt_stub_for_acrt_uninitialize 0000000180087024 f   MSVCRT:ucrt_stubs.obj
 0001:00086024       __vcrt_uninitialize        0000000180087024 f   MSVCRT:ucrt_stubs.obj
 0001:00086028       __vcrt_uninitialize_critical 0000000180087028 f   MSVCRT:ucrt_stubs.obj
 0001:00086028       __scrt_stub_for_acrt_uninitialize_critical 0000000180087028 f   MSVCRT:ucrt_stubs.obj
 0001:00086028       __acrt_uninitialize_critical 0000000180087028 f   MSVCRT:ucrt_stubs.obj
 0001:0008602c       _is_c_termination_complete 000000018008702c f   MSVCRT:ucrt_stubs.obj
 0001:0008602c       __scrt_stub_for_is_c_termination_complete 000000018008702c f   MSVCRT:ucrt_stubs.obj
 0001:00086040       _guard_dispatch_icall_nop  0000000180087040 f   MSVCRT:guard_dispatch.obj
 0002:00000000       __imp_GetSystemTimeAsFileTime 0000000180088000     kernel32:KERNEL32.dll
 0002:00000008       __imp_RtlLookupFunctionEntry 0000000180088008     kernel32:KERNEL32.dll
 0002:00000010       __imp_RtlVirtualUnwind     0000000180088010     kernel32:KERNEL32.dll
 0002:00000018       __imp_UnhandledExceptionFilter 0000000180088018     kernel32:KERNEL32.dll
 0002:00000020       __imp_SetUnhandledExceptionFilter 0000000180088020     kernel32:KERNEL32.dll
 0002:00000028       __imp_GetCurrentProcess    0000000180088028     kernel32:KERNEL32.dll
 0002:00000030       __imp_TerminateProcess     0000000180088030     kernel32:KERNEL32.dll
 0002:00000038       __imp_IsProcessorFeaturePresent 0000000180088038     kernel32:KERNEL32.dll
 0002:00000040       __imp_QueryPerformanceCounter 0000000180088040     kernel32:KERNEL32.dll
 0002:00000048       __imp_GetCurrentProcessId  0000000180088048     kernel32:KERNEL32.dll
 0002:00000050       __imp_GetCurrentThreadId   0000000180088050     kernel32:KERNEL32.dll
 0002:00000058       __imp_RtlCaptureContext    0000000180088058     kernel32:KERNEL32.dll
 0002:00000060       __imp_DisableThreadLibraryCalls 0000000180088060     kernel32:KERNEL32.dll
 0002:00000068       __imp_InitializeSListHead  0000000180088068     kernel32:KERNEL32.dll
 0002:00000070       __imp_IsDebuggerPresent    0000000180088070     kernel32:KERNEL32.dll
 0002:00000078       __imp_GetStartupInfoW      0000000180088078     kernel32:KERNEL32.dll
 0002:00000080       __imp_GetModuleHandleW     0000000180088080     kernel32:KERNEL32.dll
 0002:00000088       \177KERNEL32_NULL_THUNK_DATA 0000000180088088     kernel32:KERNEL32.dll
 0002:00000090       __imp_memcpy               0000000180088090     vcruntime:VCRUNTIME140.dll
 0002:00000098       __imp___C_specific_handler 0000000180088098     vcruntime:VCRUNTIME140.dll
 0002:000000a0       __imp___std_type_info_destroy_list 00000001800880a0     vcruntime:VCRUNTIME140.dll
 0002:000000a8       __imp___current_exception  00000001800880a8     vcruntime:VCRUNTIME140.dll
 0002:000000b0       __imp___current_exception_context 00000001800880b0     vcruntime:VCRUNTIME140.dll
 0002:000000b8       __imp_memset               00000001800880b8     vcruntime:VCRUNTIME140.dll
 0002:000000c0       \177VCRUNTIME140_NULL_THUNK_DATA 00000001800880c0     vcruntime:VCRUNTIME140.dll
 0002:000000c8       __imp_free                 00000001800880c8     ucrt:api-ms-win-crt-heap-l1-1-0.dll
 0002:000000d0       __imp_malloc               00000001800880d0     ucrt:api-ms-win-crt-heap-l1-1-0.dll
 0002:000000d8       __imp_calloc               00000001800880d8     ucrt:api-ms-win-crt-heap-l1-1-0.dll
 0002:000000e0       \177api-ms-win-crt-heap-l1-1-0_NULL_THUNK_DATA 00000001800880e0     ucrt:api-ms-win-crt-heap-l1-1-0.dll
 0002:000000e8       __imp__cexit               00000001800880e8     ucrt:api-ms-win-crt-runtime-l1-1-0.dll
 0002:000000f0       __imp_terminate            00000001800880f0     ucrt:api-ms-win-crt-runtime-l1-1-0.dll
 0002:000000f8       __imp__initterm            00000001800880f8     ucrt:api-ms-win-crt-runtime-l1-1-0.dll
 0002:00000100       __imp__initterm_e          0000000180088100     ucrt:api-ms-win-crt-runtime-l1-1-0.dll
 0002:00000108       __imp__seh_filter_dll      0000000180088108     ucrt:api-ms-win-crt-runtime-l1-1-0.dll
 0002:00000110       __imp__configure_narrow_argv 0000000180088110     ucrt:api-ms-win-crt-runtime-l1-1-0.dll
 0002:00000118       __imp__initialize_narrow_environment 0000000180088118     ucrt:api-ms-win-crt-runtime-l1-1-0.dll
 0002:00000120       __imp__initialize_onexit_table 0000000180088120     ucrt:api-ms-win-crt-runtime-l1-1-0.dll
 0002:00000128       __imp__register_onexit_function 0000000180088128     ucrt:api-ms-win-crt-runtime-l1-1-0.dll
 0002:00000130       __imp__execute_onexit_table 0000000180088130     ucrt:api-ms-win-crt-runtime-l1-1-0.dll
 0002:00000138       __imp__crt_atexit          0000000180088138     ucrt:api-ms-win-crt-runtime-l1-1-0.dll
 0002:00000140       __imp__crt_at_quick_exit   0000000180088140     ucrt:api-ms-win-crt-runtime-l1-1-0.dll
 0002:00000148       \177api-ms-win-crt-runtime-l1-1-0_NULL_THUNK_DATA 0000000180088148     ucrt:api-ms-win-crt-runtime-l1-1-0.dll
 0002:00000150       __imp___stdio_common_vsprintf 0000000180088150     ucrt:api-ms-win-crt-stdio-l1-1-0.dll
 0002:00000158       \177api-ms-win-crt-stdio-l1-1-0_NULL_THUNK_DATA 0000000180088158     ucrt:api-ms-win-crt-stdio-l1-1-0.dll
 0002:00000160       __imp_strlen               0000000180088160     ucrt:api-ms-win-crt-string-l1-1-0.dll
 0002:00000168       __imp_strcmp               0000000180088168     ucrt:api-ms-win-crt-string-l1-1-0.dll
 0002:00000170       \177api-ms-win-crt-string-l1-1-0_NULL_THUNK_DATA 0000000180088170     ucrt:api-ms-win-crt-string-l1-1-0.dll
 0002:00000178       __imp_emlrtAssign          0000000180088178     libemlrt:libemlrt.dll
 0002:00000180       __imp_emlrtDynamicBoundsCheckR2012b 0000000180088180     libemlrt:libemlrt.dll
 0002:00000188       __imp_emlrtCreateNumericMatrix 0000000180088188     libemlrt:libemlrt.dll
 0002:00000190       __imp_emlrtCreateDoubleScalar 0000000180088190     libemlrt:libemlrt.dll
 0002:00000198       __imp_emlrtCreateCharArray 0000000180088198     libemlrt:libemlrt.dll
 0002:000001a0       __imp_emlrtDestroyArray    00000001800881a0     libemlrt:libemlrt.dll
 0002:000001a8       __imp_emlrtIntegerCheckR2012b 00000001800881a8     libemlrt:libemlrt.dll
 0002:000001b0       __imp_emlrtNonNegativeCheckR2012b 00000001800881b0     libemlrt:libemlrt.dll
 0002:000001b8       __imp_emlrtForLoopVectorCheckR2012b 00000001800881b8     libemlrt:libemlrt.dll
 0002:000001c0       __imp_emlrtCallMATLABR2012b 00000001800881c0     libemlrt:libemlrt.dll
 0002:000001c8       __imp_emlrtAlias           00000001800881c8     libemlrt:libemlrt.dll
 0002:000001d0       __imp_emlrtCallocMex       00000001800881d0     libemlrt:libemlrt.dll
 0002:000001d8       __imp_emlrtFreeMex         00000001800881d8     libemlrt:libemlrt.dll
 0002:000001e0       __imp_emlrtInitCharArrayR2013a 00000001800881e0     libemlrt:libemlrt.dll
 0002:000001e8       __imp_emlrtDivisionByZeroWarningOrError2018b 00000001800881e8     libemlrt:libemlrt.dll
 0002:000001f0       __imp_emlrtSizeEqCheck1DR2012b 00000001800881f0     libemlrt:libemlrt.dll
 0002:000001f8       __imp_emlrtSizeEqCheckNDR2012b 00000001800881f8     libemlrt:libemlrt.dll
 0002:00000200       __imp_emlrtDimSizeGeqCheckR2012b 0000000180088200     libemlrt:libemlrt.dll
 0002:00000208       __imp_emlrtSubAssignSizeCheckR2012b 0000000180088208     libemlrt:libemlrt.dll
 0002:00000210       __imp_emlrtSubAssignSizeCheck1dR2017a 0000000180088210     libemlrt:libemlrt.dll
 0002:00000218       __imp_emlrtCheckBuiltInR2012b 0000000180088218     libemlrt:libemlrt.dll
 0002:00000220       __imp_emlrtImportCharArrayR2015b 0000000180088220     libemlrt:libemlrt.dll
 0002:00000228       __imp_emlrtMxGetData       0000000180088228     libemlrt:libemlrt.dll
 0002:00000230       __imp_emlrtMallocMex       0000000180088230     libemlrt:libemlrt.dll
 0002:00000238       \177libemlrt_NULL_THUNK_DATA 0000000180088238     libemlrt:libemlrt.dll
 0002:00000240       __imp_mexWarnMsgTxt_800    0000000180088240     libmex:libmex.dll
 0002:00000248       __imp_mexIsLocked_800      0000000180088248     libmex:libmex.dll
 0002:00000250       __imp_mexUnlock_800        0000000180088250     libmex:libmex.dll
 0002:00000258       __imp_mexPrintf_800        0000000180088258     libmex:libmex.dll
 0002:00000260       __imp_mexCallMATLAB_800    0000000180088260     libmex:libmex.dll
 0002:00000268       \177libmex_NULL_THUNK_DATA 0000000180088268     libmex:libmex.dll
 0002:00000270       __imp_drotg                0000000180088270     libmwblas:libmwblas.dll
 0002:00000278       __imp_dtrsm                0000000180088278     libmwblas:libmwblas.dll
 0002:00000280       __imp_dgemm                0000000180088280     libmwblas:libmwblas.dll
 0002:00000288       \177libmwblas_NULL_THUNK_DATA 0000000180088288     libmwblas:libmwblas.dll
 0002:00000290       __imp_cgxertGetEMLRTCtx    0000000180088290     libmwcgxert:libmwcgxert.dll
 0002:00000298       __imp_cgxertGetRuntimeInstance 0000000180088298     libmwcgxert:libmwcgxert.dll
 0002:000002a0       __imp_cgxertSetSimStateCompliance 00000001800882a0     libmwcgxert:libmwcgxert.dll
 0002:000002a8       __imp_cgxertRestoreGcb     00000001800882a8     libmwcgxert:libmwcgxert.dll
 0002:000002b0       __imp_cgxertGetInputPortSignal 00000001800882b0     libmwcgxert:libmwcgxert.dll
 0002:000002b8       __imp_cgxertGetOutputPortSignal 00000001800882b8     libmwcgxert:libmwcgxert.dll
 0002:000002c0       __imp_cgxertSetGcb         00000001800882c0     libmwcgxert:libmwcgxert.dll
 0002:000002c8       __imp_cgxertSetRuntimeInstance 00000001800882c8     libmwcgxert:libmwcgxert.dll
 0002:000002d0       \177libmwcgxert_NULL_THUNK_DATA 00000001800882d0     libmwcgxert:libmwcgxert.dll
 0002:000002d8       __imp_LAPACKE_dgetrs_work  00000001800882d8     libmwlapack:libmwlapack.dll
 0002:000002e0       __imp_LAPACKE_dgeqp3       00000001800882e0     libmwlapack:libmwlapack.dll
 0002:000002e8       __imp_LAPACKE_dormqr       00000001800882e8     libmwlapack:libmwlapack.dll
 0002:000002f0       __imp_LAPACKE_dgetrf_work  00000001800882f0     libmwlapack:libmwlapack.dll
 0002:000002f8       __imp_LAPACKE_dpotrf_work  00000001800882f8     libmwlapack:libmwlapack.dll
 0002:00000300       \177libmwlapack_NULL_THUNK_DATA 0000000180088300     libmwlapack:libmwlapack.dll
 0002:00000308       __imp_muDoubleScalarSqrt   0000000180088308     libmwmathutil:libmwmathutil.dll
 0002:00000310       __imp_muDoubleScalarSin    0000000180088310     libmwmathutil:libmwmathutil.dll
 0002:00000318       __imp_muDoubleScalarMin    0000000180088318     libmwmathutil:libmwmathutil.dll
 0002:00000320       __imp_muDoubleScalarMax    0000000180088320     libmwmathutil:libmwmathutil.dll
 0002:00000328       __imp_muDoubleScalarRem    0000000180088328     libmwmathutil:libmwmathutil.dll
 0002:00000330       __imp_muDoubleScalarLog    0000000180088330     libmwmathutil:libmwmathutil.dll
 0002:00000338       __imp_muDoubleScalarExp    0000000180088338     libmwmathutil:libmwmathutil.dll
 0002:00000340       __imp_muDoubleScalarCos    0000000180088340     libmwmathutil:libmwmathutil.dll
 0002:00000348       __imp_muDoubleScalarAcos   0000000180088348     libmwmathutil:libmwmathutil.dll
 0002:00000350       __imp_muDoubleScalarRound  0000000180088350     libmwmathutil:libmwmathutil.dll
 0002:00000358       __imp_muDoubleScalarFloor  0000000180088358     libmwmathutil:libmwmathutil.dll
 0002:00000360       __imp_muDoubleScalarAbs    0000000180088360     libmwmathutil:libmwmathutil.dll
 0002:00000368       __imp_muDoubleScalarHypot  0000000180088368     libmwmathutil:libmwmathutil.dll
 0002:00000370       __imp_muIntScalarMin_sint32 0000000180088370     libmwmathutil:libmwmathutil.dll
 0002:00000378       __imp_muDoubleScalarIsNaN  0000000180088378     libmwmathutil:libmwmathutil.dll
 0002:00000380       __imp_muDoubleScalarAtan2  0000000180088380     libmwmathutil:libmwmathutil.dll
 0002:00000388       __imp_muDoubleScalarIsInf  0000000180088388     libmwmathutil:libmwmathutil.dll
 0002:00000390       \177libmwmathutil_NULL_THUNK_DATA 0000000180088390     libmwmathutil:libmwmathutil.dll
 0002:00000398       __imp_mxSetFieldByNumber_800 0000000180088398     libmx:libmx.dll
 0002:000003a0       __imp_mxGetString_800      00000001800883a0     libmx:libmx.dll
 0002:000003a8       __imp_mxCreateDoubleScalar_800 00000001800883a8     libmx:libmx.dll
 0002:000003b0       __imp_mxCreateDoubleMatrix_800 00000001800883b0     libmx:libmx.dll
 0002:000003b8       __imp_mxCreateNumericMatrix_800 00000001800883b8     libmx:libmx.dll
 0002:000003c0       __imp_mxSetField_800       00000001800883c0     libmx:libmx.dll
 0002:000003c8       __imp_mxGetPr_800          00000001800883c8     libmx:libmx.dll
 0002:000003d0       __imp_mxGetN_800           00000001800883d0     libmx:libmx.dll
 0002:000003d8       __imp_mxIsComplex_800      00000001800883d8     libmx:libmx.dll
 0002:000003e0       __imp_mxIsChar_800         00000001800883e0     libmx:libmx.dll
 0002:000003e8       __imp_mxIsNumeric_800      00000001800883e8     libmx:libmx.dll
 0002:000003f0       __imp_mxGetData_800        00000001800883f0     libmx:libmx.dll
 0002:000003f8       __imp_mxGetClassID_800     00000001800883f8     libmx:libmx.dll
 0002:00000400       __imp_mxGetM_800           0000000180088400     libmx:libmx.dll
 0002:00000408       __imp_mxCalloc_800         0000000180088408     libmx:libmx.dll
 0002:00000410       __imp_mxGetNaN_800         0000000180088410     libmx:libmx.dll
 0002:00000418       __imp_mxGetInf_800         0000000180088418     libmx:libmx.dll
 0002:00000420       __imp_mxCreateStructMatrix_800 0000000180088420     libmx:libmx.dll
 0002:00000428       __imp_mxCreateCellMatrix_800 0000000180088428     libmx:libmx.dll
 0002:00000430       __imp_mxCreateString_800   0000000180088430     libmx:libmx.dll
 0002:00000438       __imp_mxSetCell_800        0000000180088438     libmx:libmx.dll
 0002:00000440       \177libmx_NULL_THUNK_DATA  0000000180088440     libmx:libmx.dll
 0002:00000448       __guard_check_icall_fptr   0000000180088448     MSVCRT:guard_support.obj
 0002:00000450       __guard_dispatch_icall_fptr 0000000180088450     MSVCRT:guard_support.obj
 0002:00000458       __xc_a                     0000000180088458     MSVCRT:initializers.obj
 0002:00000460       __xc_z                     0000000180088460     MSVCRT:initializers.obj
 0002:00000468       __xi_a                     0000000180088468     MSVCRT:initializers.obj
 0002:00000470       __xi_z                     0000000180088470     MSVCRT:initializers.obj
 0002:00000478       __xp_a                     0000000180088478     MSVCRT:initializers.obj
 0002:00000480       __xp_z                     0000000180088480     MSVCRT:initializers.obj
 0002:00000488       __xt_a                     0000000180088488     MSVCRT:initializers.obj
 0002:00000490       __xt_z                     0000000180088490     MSVCRT:initializers.obj
 0002:00000b70       __real@0000000000000000    0000000180088b70     m_v5VTtcRQevfNVdrzA5wKAG.obj
 0002:00000b78       __real@0350000000000000    0000000180088b78     m_v5VTtcRQevfNVdrzA5wKAG.obj
 0002:00000b80       __real@1cc0000000000000    0000000180088b80     m_v5VTtcRQevfNVdrzA5wKAG.obj
 0002:00000b88       __real@3ca0000000000000    0000000180088b88     m_v5VTtcRQevfNVdrzA5wKAG.obj
 0002:00000b90       __real@3cb0000000000000    0000000180088b90     m_v5VTtcRQevfNVdrzA5wKAG.obj
 0002:00000b98       __real@3cc0000000000000    0000000180088b98     m_v5VTtcRQevfNVdrzA5wKAG.obj
 0002:00000ba0       __real@3ce4000000000000    0000000180088ba0     m_v5VTtcRQevfNVdrzA5wKAG.obj
 0002:00000ba8       __real@3d06849b86a12b9b    0000000180088ba8     m_v5VTtcRQevfNVdrzA5wKAG.obj
 0002:00000bb0       __real@3e50000000000000    0000000180088bb0     m_v5VTtcRQevfNVdrzA5wKAG.obj
 0002:00000bb8       __real@3e7ad7f29abcaf48    0000000180088bb8     m_v5VTtcRQevfNVdrzA5wKAG.obj
 0002:00000bc0       __real@3eb0c6f7a0b5ed8d    0000000180088bc0     m_v5VTtcRQevfNVdrzA5wKAG.obj
 0002:00000bc8       __real@3ee4f8b588e368f1    0000000180088bc8     m_v5VTtcRQevfNVdrzA5wKAG.obj
 0002:00000bd0       __real@3f1a36e2eb1c432d    0000000180088bd0     m_v5VTtcRQevfNVdrzA5wKAG.obj
 0002:00000bd8       __real@3fc999999999999a    0000000180088bd8     m_v5VTtcRQevfNVdrzA5wKAG.obj
 0002:00000be0       __real@3fd183aa6c20e8bc    0000000180088be0     m_v5VTtcRQevfNVdrzA5wKAG.obj
 0002:00000be8       __real@3fd999999999999a    0000000180088be8     m_v5VTtcRQevfNVdrzA5wKAG.obj
 0002:00000bf0       __real@3fe0000000000000    0000000180088bf0     m_v5VTtcRQevfNVdrzA5wKAG.obj
 0002:00000bf8       __real@3fe999999999999a    0000000180088bf8     m_v5VTtcRQevfNVdrzA5wKAG.obj
 0002:00000c00       __real@3ff0000000000000    0000000180088c00     m_v5VTtcRQevfNVdrzA5wKAG.obj
 0002:00000c08       __real@3ff6a09e667f3bcd    0000000180088c08     m_v5VTtcRQevfNVdrzA5wKAG.obj
 0002:00000c10       __real@4000000000000000    0000000180088c10     m_v5VTtcRQevfNVdrzA5wKAG.obj
 0002:00000c18       __real@4008000000000000    0000000180088c18     m_v5VTtcRQevfNVdrzA5wKAG.obj
 0002:00000c20       __real@400921fb54442d18    0000000180088c20     m_v5VTtcRQevfNVdrzA5wKAG.obj
 0002:00000c28       __real@400921ff2e48e8a7    0000000180088c28     m_v5VTtcRQevfNVdrzA5wKAG.obj
 0002:00000c30       __real@400d3bb48209ad36    0000000180088c30     m_v5VTtcRQevfNVdrzA5wKAG.obj
 0002:00000c38       __real@400d525460aa64c3    0000000180088c38     m_v5VTtcRQevfNVdrzA5wKAG.obj
 0002:00000c40       __real@400f46dc5d638865    0000000180088c40     m_v5VTtcRQevfNVdrzA5wKAG.obj
 0002:00000c48       __real@4010000000000000    0000000180088c48     m_v5VTtcRQevfNVdrzA5wKAG.obj
 0002:00000c50       __real@4014000000000000    0000000180088c50     m_v5VTtcRQevfNVdrzA5wKAG.obj
 0002:00000c58       __real@4017bc9eecbfb15b    0000000180088c58     m_v5VTtcRQevfNVdrzA5wKAG.obj
 0002:00000c60       __real@4018000000000000    0000000180088c60     m_v5VTtcRQevfNVdrzA5wKAG.obj
 0002:00000c68       __real@401921fb54442d18    0000000180088c68     m_v5VTtcRQevfNVdrzA5wKAG.obj
 0002:00000c70       __real@401c000000000000    0000000180088c70     m_v5VTtcRQevfNVdrzA5wKAG.obj
 0002:00000c78       __real@4020000000000000    0000000180088c78     m_v5VTtcRQevfNVdrzA5wKAG.obj
 0002:00000c80       __real@4022000000000000    0000000180088c80     m_v5VTtcRQevfNVdrzA5wKAG.obj
 0002:00000c88       __real@4024000000000000    0000000180088c88     m_v5VTtcRQevfNVdrzA5wKAG.obj
 0002:00000c90       __real@404f000000000000    0000000180088c90     m_v5VTtcRQevfNVdrzA5wKAG.obj
 0002:00000c98       __real@406f400000000000    0000000180088c98     m_v5VTtcRQevfNVdrzA5wKAG.obj
 0002:00000ca0       __real@4097700000000000    0000000180088ca0     m_v5VTtcRQevfNVdrzA5wKAG.obj
 0002:00000ca8       __real@40f0000000000000    0000000180088ca8     m_v5VTtcRQevfNVdrzA5wKAG.obj
 0002:00000cb0       __real@4170000000000000    0000000180088cb0     m_v5VTtcRQevfNVdrzA5wKAG.obj
 0002:00000cb8       __real@4190000000000000    0000000180088cb8     m_v5VTtcRQevfNVdrzA5wKAG.obj
 0002:00000cc0       __real@41dfffffffc00000    0000000180088cc0     m_v5VTtcRQevfNVdrzA5wKAG.obj
 0002:00000cc8       __real@7fcfffffffffffff    0000000180088cc8     m_v5VTtcRQevfNVdrzA5wKAG.obj
 0002:00000cd0       __real@bfb6594af4f0d845    0000000180088cd0     m_v5VTtcRQevfNVdrzA5wKAG.obj
 0002:00000cd8       __real@bfe0000000000000    0000000180088cd8     m_v5VTtcRQevfNVdrzA5wKAG.obj
 0002:00000ce0       __real@bff0000000000000    0000000180088ce0     m_v5VTtcRQevfNVdrzA5wKAG.obj
 0002:00000ce8       __real@bffd525460aa64c3    0000000180088ce8     m_v5VTtcRQevfNVdrzA5wKAG.obj
 0002:00000cf0       __real@c000000000000000    0000000180088cf0     m_v5VTtcRQevfNVdrzA5wKAG.obj
 0002:00000cf8       __real@c007bc9eecbfb15b    0000000180088cf8     m_v5VTtcRQevfNVdrzA5wKAG.obj
 0002:00000d00       __real@c00921fb54442d18    0000000180088d00     m_v5VTtcRQevfNVdrzA5wKAG.obj
 0002:00000d08       __real@c00921ff2e48e8a7    0000000180088d08     m_v5VTtcRQevfNVdrzA5wKAG.obj
 0002:00000d10       __xmm@80000000000000008000000000000000 0000000180088d10     m_v5VTtcRQevfNVdrzA5wKAG.obj
 0002:00000d20       DYNAMIC_DIMENSION_DEF      0000000180088d20     InterpolationIkinePD_cgxe_registry.obj
 0002:00000d38       __real@41602cbca0000000    0000000180088d38     InterpolationIkinePD_cgxe_registry.obj
 0002:00000d40       __real@41d13b47f6400000    0000000180088d40     InterpolationIkinePD_cgxe_registry.obj
 0002:00000d48       __real@41d466daab800000    0000000180088d48     InterpolationIkinePD_cgxe_registry.obj
 0002:00000d50       __real@41d5ca9d1d800000    0000000180088d50     InterpolationIkinePD_cgxe_registry.obj
 0002:00000d58       __real@41d7088294c00000    0000000180088d58     InterpolationIkinePD_cgxe_registry.obj
 0002:00000d60       __real@41d9102a35c00000    0000000180088d60     InterpolationIkinePD_cgxe_registry.obj
 0002:00000d68       __real@41d959adc5c00000    0000000180088d68     InterpolationIkinePD_cgxe_registry.obj
 0002:00000d70       __real@41dcd41f65400000    0000000180088d70     InterpolationIkinePD_cgxe_registry.obj
 0002:00000d78       __real@41e36dfd89200000    0000000180088d78     InterpolationIkinePD_cgxe_registry.obj
 0002:00000d80       __real@41eabde4de200000    0000000180088d80     InterpolationIkinePD_cgxe_registry.obj
 0002:00000d88       __real@41ec350f05000000    0000000180088d88     InterpolationIkinePD_cgxe_registry.obj
 0002:00000d90       __real@41eeef043c400000    0000000180088d90     InterpolationIkinePD_cgxe_registry.obj
 0002:00000d98       __real@41ef711feaa00000    0000000180088d98     InterpolationIkinePD_cgxe_registry.obj
 0002:00000db0       _pRawDllMain               0000000180088db0     MSVCRT:dll_dllmain.obj
 0002:00000db0       _pDefaultRawDllMain        0000000180088db0     MSVCRT:dll_dllmain.obj
 0002:00000dc0       __xmm@ffffffffffffffffffffffffffffffff 0000000180088dc0     MSVCRT:utility.obj
 0002:00000df0       _load_config_used          0000000180088df0     MSVCRT:loadcfg.obj
 0002:00001110       __rtc_iaa                  0000000180089110     MSVCRT:initsect.obj
 0002:00001118       __rtc_izz                  0000000180089118     MSVCRT:initsect.obj
 0002:00001120       __rtc_taa                  0000000180089120     MSVCRT:initsect.obj
 0002:00001128       __rtc_tzz                  0000000180089128     MSVCRT:initsect.obj
 0002:00002394       __IMPORT_DESCRIPTOR_libmx  000000018008a394     libmx:libmx.dll
 0002:000023a8       __IMPORT_DESCRIPTOR_libmex 000000018008a3a8     libmex:libmex.dll
 0002:000023bc       __IMPORT_DESCRIPTOR_libmwmathutil 000000018008a3bc     libmwmathutil:libmwmathutil.dll
 0002:000023d0       __IMPORT_DESCRIPTOR_libemlrt 000000018008a3d0     libemlrt:libemlrt.dll
 0002:000023e4       __IMPORT_DESCRIPTOR_libmwcgxert 000000018008a3e4     libmwcgxert:libmwcgxert.dll
 0002:000023f8       __IMPORT_DESCRIPTOR_libmwblas 000000018008a3f8     libmwblas:libmwblas.dll
 0002:0000240c       __IMPORT_DESCRIPTOR_libmwlapack 000000018008a40c     libmwlapack:libmwlapack.dll
 0002:00002420       __IMPORT_DESCRIPTOR_KERNEL32 000000018008a420     kernel32:KERNEL32.dll
 0002:00002434       __IMPORT_DESCRIPTOR_VCRUNTIME140 000000018008a434     vcruntime:VCRUNTIME140.dll
 0002:00002448       __IMPORT_DESCRIPTOR_api-ms-win-crt-heap-l1-1-0 000000018008a448     ucrt:api-ms-win-crt-heap-l1-1-0.dll
 0002:0000245c       __IMPORT_DESCRIPTOR_api-ms-win-crt-string-l1-1-0 000000018008a45c     ucrt:api-ms-win-crt-string-l1-1-0.dll
 0002:00002470       __IMPORT_DESCRIPTOR_api-ms-win-crt-stdio-l1-1-0 000000018008a470     ucrt:api-ms-win-crt-stdio-l1-1-0.dll
 0002:00002484       __IMPORT_DESCRIPTOR_api-ms-win-crt-runtime-l1-1-0 000000018008a484     ucrt:api-ms-win-crt-runtime-l1-1-0.dll
 0002:00002498       __NULL_IMPORT_DESCRIPTOR   000000018008a498     libmx:libmx.dll
 0003:00012930       DYNAMIC_DIMENSION          000000018009e930     InterpolationIkinePD_cgxe_registry.obj
 0003:00014ac0       __security_cookie_complement 00000001800a0ac0     MSVCRT:gs_cookie.obj
 0003:00014ac8       __security_cookie          00000001800a0ac8     MSVCRT:gs_cookie.obj
 0003:00014ad0       _fltused                   00000001800a0ad0     MSVCRT:fltused.obj
 0003:00014ad4       __scrt_native_dllmain_reason 00000001800a0ad4     MSVCRT:utility.obj
 0003:00014ad8       __isa_available            00000001800a0ad8     MSVCRT:cpu_disp.obj
 0003:00014adc       __isa_enabled              00000001800a0adc     MSVCRT:cpu_disp.obj
 0003:00014ae0       __memcpy_nt_iters          00000001800a0ae0     MSVCRT:cpu_disp.obj
 0003:00014ae8       __memset_nt_iters          00000001800a0ae8     MSVCRT:cpu_disp.obj
 0003:00014af0       __scrt_ucrt_dll_is_in_use  00000001800a0af0     MSVCRT:ucrt_stubs.obj
 0003:000150f0       ?__type_info_root_node@@3U__type_info_node@@A 00000001800a10f0     MSVCRT:tncleanup.obj
 0003:00015100       ?_OptionsStorage@?1??__local_stdio_printf_options@@9@4_KA 00000001800a1100     MSVCRT:default_local_stdio_options.obj
 0003:00015108       ?_OptionsStorage@?1??__local_stdio_scanf_options@@9@4_KA 00000001800a1108     MSVCRT:default_local_stdio_options.obj
 0003:00015110       __scrt_current_native_startup_state 00000001800a1110     MSVCRT:utility.obj
 0003:00015118       __scrt_native_startup_lock 00000001800a1118     MSVCRT:utility.obj
 0003:00015158       __scrt_debugger_hook_flag  00000001800a1158     MSVCRT:utility_desktop.obj
 0003:0001515c       __favor                    00000001800a115c     MSVCRT:cpu_disp.obj
 0003:00015160       ?_OptionsStorage@?1??__local_stdio_printf_options@@9@9 00000001800a1160     <common>
 0003:00015168       __dyn_tls_init_callback    00000001800a1168     <common>

 entry point at        0001:00085468

 Static symbols

 0000:00000000       .debug$S                   0000000180000000     InterpolationIkinePD_cgxe.exp
 0000:00000000       .debug$S                   0000000180000000     kernel32:KERNEL32.dll
 0000:00000000       .debug$S                   0000000180000000     kernel32:KERNEL32.dll
 0000:00000000       .debug$S                   0000000180000000     kernel32:KERNEL32.dll
 0000:00000000       .debug$S                   0000000180000000     kernel32:KERNEL32.dll
 0000:00000000       .debug$S                   0000000180000000     kernel32:KERNEL32.dll
 0000:00000000       .debug$S                   0000000180000000     kernel32:KERNEL32.dll
 0000:00000000       .debug$S                   0000000180000000     kernel32:KERNEL32.dll
 0000:00000000       .debug$S                   0000000180000000     kernel32:KERNEL32.dll
 0000:00000000       .debug$S                   0000000180000000     kernel32:KERNEL32.dll
 0000:00000000       .debug$S                   0000000180000000     kernel32:KERNEL32.dll
 0000:00000000       .debug$S                   0000000180000000     kernel32:KERNEL32.dll
 0000:00000000       .debug$S                   0000000180000000     kernel32:KERNEL32.dll
 0000:00000000       .debug$S                   0000000180000000     kernel32:KERNEL32.dll
 0000:00000000       .debug$S                   0000000180000000     kernel32:KERNEL32.dll
 0000:00000000       .debug$S                   0000000180000000     kernel32:KERNEL32.dll
 0000:00000000       .debug$S                   0000000180000000     kernel32:KERNEL32.dll
 0000:00000000       .debug$S                   0000000180000000     kernel32:KERNEL32.dll
 0000:00000000       .debug$S                   0000000180000000     vcruntime:VCRUNTIME140.dll
 0000:00000000       .debug$S                   0000000180000000     vcruntime:VCRUNTIME140.dll
 0000:00000000       .debug$S                   0000000180000000     vcruntime:VCRUNTIME140.dll
 0000:00000000       .debug$S                   0000000180000000     vcruntime:VCRUNTIME140.dll
 0000:00000000       .debug$S                   0000000180000000     vcruntime:VCRUNTIME140.dll
 0000:00000000       .debug$S                   0000000180000000     vcruntime:VCRUNTIME140.dll
 0000:00000000       .debug$S                   0000000180000000     ucrt:api-ms-win-crt-heap-l1-1-0.dll
 0000:00000000       .debug$S                   0000000180000000     ucrt:api-ms-win-crt-heap-l1-1-0.dll
 0000:00000000       .debug$S                   0000000180000000     ucrt:api-ms-win-crt-heap-l1-1-0.dll
 0000:00000000       .debug$S                   0000000180000000     ucrt:api-ms-win-crt-runtime-l1-1-0.dll
 0000:00000000       .debug$S                   0000000180000000     ucrt:api-ms-win-crt-runtime-l1-1-0.dll
 0000:00000000       .debug$S                   0000000180000000     ucrt:api-ms-win-crt-runtime-l1-1-0.dll
 0000:00000000       .debug$S                   0000000180000000     ucrt:api-ms-win-crt-runtime-l1-1-0.dll
 0000:00000000       .debug$S                   0000000180000000     ucrt:api-ms-win-crt-runtime-l1-1-0.dll
 0000:00000000       .debug$S                   0000000180000000     ucrt:api-ms-win-crt-runtime-l1-1-0.dll
 0000:00000000       .debug$S                   0000000180000000     ucrt:api-ms-win-crt-runtime-l1-1-0.dll
 0000:00000000       .debug$S                   0000000180000000     ucrt:api-ms-win-crt-runtime-l1-1-0.dll
 0000:00000000       .debug$S                   0000000180000000     ucrt:api-ms-win-crt-runtime-l1-1-0.dll
 0000:00000000       .debug$S                   0000000180000000     ucrt:api-ms-win-crt-runtime-l1-1-0.dll
 0000:00000000       .debug$S                   0000000180000000     ucrt:api-ms-win-crt-runtime-l1-1-0.dll
 0000:00000000       .debug$S                   0000000180000000     ucrt:api-ms-win-crt-runtime-l1-1-0.dll
 0000:00000000       .debug$S                   0000000180000000     ucrt:api-ms-win-crt-stdio-l1-1-0.dll
 0000:00000000       .debug$S                   0000000180000000     ucrt:api-ms-win-crt-string-l1-1-0.dll
 0000:00000000       .debug$S                   0000000180000000     ucrt:api-ms-win-crt-string-l1-1-0.dll
 0002:fff78000       __guard_fids_?dllmain_dispatch@@YAHQEAUHINSTANCE__@@KQEAX@Z 0000000180000000     MSVCRT:dll_dllmain.obj
 0002:fff78000       __guard_fids__             0000000180000000     MSVCRT:guard_support.obj
 0002:fff78000       __guard_fids__guard_icall_checks_enforced 0000000180000000     MSVCRT:guard_support.obj
 0002:fff78000       __guard_fids___scrt_set_unhandled_exception_filter 0000000180000000     MSVCRT:utility_desktop.obj
 0000:00000000       .debug$S                   0000000180000000     libemlrt:libemlrt.dll
 0000:00000000       .debug$S                   0000000180000000     libemlrt:libemlrt.dll
 0000:00000000       .debug$S                   0000000180000000     libemlrt:libemlrt.dll
 0000:00000000       .debug$S                   0000000180000000     libemlrt:libemlrt.dll
 0000:00000000       .debug$S                   0000000180000000     libemlrt:libemlrt.dll
 0000:00000000       .debug$S                   0000000180000000     libemlrt:libemlrt.dll
 0000:00000000       .debug$S                   0000000180000000     libemlrt:libemlrt.dll
 0000:00000000       .debug$S                   0000000180000000     libemlrt:libemlrt.dll
 0000:00000000       .debug$S                   0000000180000000     libemlrt:libemlrt.dll
 0000:00000000       .debug$S                   0000000180000000     libemlrt:libemlrt.dll
 0000:00000000       .debug$S                   0000000180000000     libemlrt:libemlrt.dll
 0000:00000000       .debug$S                   0000000180000000     libemlrt:libemlrt.dll
 0000:00000000       .debug$S                   0000000180000000     libemlrt:libemlrt.dll
 0000:00000000       .debug$S                   0000000180000000     libemlrt:libemlrt.dll
 0000:00000000       .debug$S                   0000000180000000     libemlrt:libemlrt.dll
 0000:00000000       .debug$S                   0000000180000000     libemlrt:libemlrt.dll
 0000:00000000       .debug$S                   0000000180000000     libemlrt:libemlrt.dll
 0000:00000000       .debug$S                   0000000180000000     libemlrt:libemlrt.dll
 0000:00000000       .debug$S                   0000000180000000     libemlrt:libemlrt.dll
 0000:00000000       .debug$S                   0000000180000000     libemlrt:libemlrt.dll
 0000:00000000       .debug$S                   0000000180000000     libemlrt:libemlrt.dll
 0000:00000000       .debug$S                   0000000180000000     libemlrt:libemlrt.dll
 0000:00000000       .debug$S                   0000000180000000     libemlrt:libemlrt.dll
 0000:00000000       .debug$S                   0000000180000000     libemlrt:libemlrt.dll
 0000:00000000       .debug$S                   0000000180000000     libmex:libmex.dll
 0000:00000000       .debug$S                   0000000180000000     libmex:libmex.dll
 0000:00000000       .debug$S                   0000000180000000     libmex:libmex.dll
 0000:00000000       .debug$S                   0000000180000000     libmex:libmex.dll
 0000:00000000       .debug$S                   0000000180000000     libmex:libmex.dll
 0000:00000000       .debug$S                   0000000180000000     libmwblas:libmwblas.dll
 0000:00000000       .debug$S                   0000000180000000     libmwblas:libmwblas.dll
 0000:00000000       .debug$S                   0000000180000000     libmwblas:libmwblas.dll
 0000:00000000       .debug$S                   0000000180000000     libmwcgxert:libmwcgxert.dll
 0000:00000000       .debug$S                   0000000180000000     libmwcgxert:libmwcgxert.dll
 0000:00000000       .debug$S                   0000000180000000     libmwcgxert:libmwcgxert.dll
 0000:00000000       .debug$S                   0000000180000000     libmwcgxert:libmwcgxert.dll
 0000:00000000       .debug$S                   0000000180000000     libmwcgxert:libmwcgxert.dll
 0000:00000000       .debug$S                   0000000180000000     libmwcgxert:libmwcgxert.dll
 0000:00000000       .debug$S                   0000000180000000     libmwcgxert:libmwcgxert.dll
 0000:00000000       .debug$S                   0000000180000000     libmwcgxert:libmwcgxert.dll
 0000:00000000       .debug$S                   0000000180000000     libmwlapack:libmwlapack.dll
 0000:00000000       .debug$S                   0000000180000000     libmwlapack:libmwlapack.dll
 0000:00000000       .debug$S                   0000000180000000     libmwlapack:libmwlapack.dll
 0000:00000000       .debug$S                   0000000180000000     libmwlapack:libmwlapack.dll
 0000:00000000       .debug$S                   0000000180000000     libmwlapack:libmwlapack.dll
 0000:00000000       .debug$S                   0000000180000000     libmwmathutil:libmwmathutil.dll
 0000:00000000       .debug$S                   0000000180000000     libmwmathutil:libmwmathutil.dll
 0000:00000000       .debug$S                   0000000180000000     libmwmathutil:libmwmathutil.dll
 0000:00000000       .debug$S                   0000000180000000     libmwmathutil:libmwmathutil.dll
 0000:00000000       .debug$S                   0000000180000000     libmwmathutil:libmwmathutil.dll
 0000:00000000       .debug$S                   0000000180000000     libmwmathutil:libmwmathutil.dll
 0000:00000000       .debug$S                   0000000180000000     libmwmathutil:libmwmathutil.dll
 0000:00000000       .debug$S                   0000000180000000     libmwmathutil:libmwmathutil.dll
 0000:00000000       .debug$S                   0000000180000000     libmwmathutil:libmwmathutil.dll
 0000:00000000       .debug$S                   0000000180000000     libmwmathutil:libmwmathutil.dll
 0000:00000000       .debug$S                   0000000180000000     libmwmathutil:libmwmathutil.dll
 0000:00000000       .debug$S                   0000000180000000     libmwmathutil:libmwmathutil.dll
 0000:00000000       .debug$S                   0000000180000000     libmwmathutil:libmwmathutil.dll
 0000:00000000       .debug$S                   0000000180000000     libmwmathutil:libmwmathutil.dll
 0000:00000000       .debug$S                   0000000180000000     libmwmathutil:libmwmathutil.dll
 0000:00000000       .debug$S                   0000000180000000     libmwmathutil:libmwmathutil.dll
 0000:00000000       .debug$S                   0000000180000000     libmwmathutil:libmwmathutil.dll
 0000:00000000       .debug$S                   0000000180000000     libmx:libmx.dll
 0000:00000000       .debug$S                   0000000180000000     libmx:libmx.dll
 0000:00000000       .debug$S                   0000000180000000     libmx:libmx.dll
 0000:00000000       .debug$S                   0000000180000000     libmx:libmx.dll
 0000:00000000       .debug$S                   0000000180000000     libmx:libmx.dll
 0000:00000000       .debug$S                   0000000180000000     libmx:libmx.dll
 0000:00000000       .debug$S                   0000000180000000     libmx:libmx.dll
 0000:00000000       .debug$S                   0000000180000000     libmx:libmx.dll
 0000:00000000       .debug$S                   0000000180000000     libmx:libmx.dll
 0000:00000000       .debug$S                   0000000180000000     libmx:libmx.dll
 0000:00000000       .debug$S                   0000000180000000     libmx:libmx.dll
 0000:00000000       .debug$S                   0000000180000000     libmx:libmx.dll
 0000:00000000       .debug$S                   0000000180000000     libmx:libmx.dll
 0000:00000000       .debug$S                   0000000180000000     libmx:libmx.dll
 0000:00000000       .debug$S                   0000000180000000     libmx:libmx.dll
 0000:00000000       .debug$S                   0000000180000000     libmx:libmx.dll
 0000:00000000       .debug$S                   0000000180000000     libmx:libmx.dll
 0000:00000000       .debug$S                   0000000180000000     libmx:libmx.dll
 0000:00000000       .debug$S                   0000000180000000     libmx:libmx.dll
 0000:00000000       .debug$S                   0000000180000000     libmx:libmx.dll
 0000:00000000       .debug$S                   0000000180000000     libmx:libmx.dll
 0001:00000120       cgxe_mdl_start             0000000180001120 f   m_v5VTtcRQevfNVdrzA5wKAG.obj
 0001:000001e0       cgxe_mdl_initialize        00000001800011e0 f   m_v5VTtcRQevfNVdrzA5wKAG.obj
 0001:00000270       cgxe_mdl_outputs           0000000180001270 f   m_v5VTtcRQevfNVdrzA5wKAG.obj
 0001:00000460       cgxe_mdl_update            0000000180001460 f   m_v5VTtcRQevfNVdrzA5wKAG.obj
 0001:00000470       cgxe_mdl_enable            0000000180001470 f   m_v5VTtcRQevfNVdrzA5wKAG.obj
 0001:00000480       cgxe_mdl_disable           0000000180001480 f   m_v5VTtcRQevfNVdrzA5wKAG.obj
 0001:00000490       cgxe_mdl_terminate         0000000180001490 f   m_v5VTtcRQevfNVdrzA5wKAG.obj
 0001:000004f0       mw__internal__system__init__fcn 00000001800014f0 f   m_v5VTtcRQevfNVdrzA5wKAG.obj
 0001:00000f90       mw__internal__system__terminate__fcn 0000000180001f90 f   m_v5VTtcRQevfNVdrzA5wKAG.obj
 0001:00001a40       mw__internal__call__setup  0000000180002a40 f   m_v5VTtcRQevfNVdrzA5wKAG.obj
 0001:00002a40       minimum2                   0000000180003a40 f   m_v5VTtcRQevfNVdrzA5wKAG.obj
 0001:00002a70       RigidBodyTree_RigidBodyTree 0000000180003a70 f   m_v5VTtcRQevfNVdrzA5wKAG.obj
 0001:000046d0       RigidBody_RigidBody        00000001800056d0 f   m_v5VTtcRQevfNVdrzA5wKAG.obj
 0001:00005410       b_strcmp                   0000000180006410 f   m_v5VTtcRQevfNVdrzA5wKAG.obj
 0001:000054c0       c_strcmp                   00000001800064c0 f   m_v5VTtcRQevfNVdrzA5wKAG.obj
 0001:00005570       b_RigidBody_RigidBody      0000000180006570 f   m_v5VTtcRQevfNVdrzA5wKAG.obj
 0001:000062b0       c_RigidBody_RigidBody      00000001800072b0 f   m_v5VTtcRQevfNVdrzA5wKAG.obj
 0001:00006ff0       d_RigidBody_RigidBody      0000000180007ff0 f   m_v5VTtcRQevfNVdrzA5wKAG.obj
 0001:00007d30       e_RigidBody_RigidBody      0000000180008d30 f   m_v5VTtcRQevfNVdrzA5wKAG.obj
 0001:00008a70       f_RigidBody_RigidBody      0000000180009a70 f   m_v5VTtcRQevfNVdrzA5wKAG.obj
 0001:000097b0       g_RigidBody_RigidBody      000000018000a7b0 f   m_v5VTtcRQevfNVdrzA5wKAG.obj
 0001:0000a4f0       h_RigidBody_RigidBody      000000018000b4f0 f   m_v5VTtcRQevfNVdrzA5wKAG.obj
 0001:0000b1f0       inverseKinematics_set_RigidBodyTree 000000018000c1f0 f   m_v5VTtcRQevfNVdrzA5wKAG.obj
 0001:0000d1f0       b_RigidBodyTree_RigidBodyTree 000000018000e1f0 f   m_v5VTtcRQevfNVdrzA5wKAG.obj
 0001:0000e120       b_rand                     000000018000f120 f   m_v5VTtcRQevfNVdrzA5wKAG.obj
 0001:0000e210       is_valid_state             000000018000f210 f   m_v5VTtcRQevfNVdrzA5wKAG.obj
 0001:0000e2c0       RigidBodyTree_clearAllBodies 000000018000f2c0 f   m_v5VTtcRQevfNVdrzA5wKAG.obj
 0001:00010510       i_RigidBody_RigidBody      0000000180011510 f   m_v5VTtcRQevfNVdrzA5wKAG.obj
 0001:00010f50       j_RigidBody_RigidBody      0000000180011f50 f   m_v5VTtcRQevfNVdrzA5wKAG.obj
 0001:00011990       k_RigidBody_RigidBody      0000000180012990 f   m_v5VTtcRQevfNVdrzA5wKAG.obj
 0001:000123d0       l_RigidBody_RigidBody      00000001800133d0 f   m_v5VTtcRQevfNVdrzA5wKAG.obj
 0001:00012e10       m_RigidBody_RigidBody      0000000180013e10 f   m_v5VTtcRQevfNVdrzA5wKAG.obj
 0001:00013850       n_RigidBody_RigidBody      0000000180014850 f   m_v5VTtcRQevfNVdrzA5wKAG.obj
 0001:00014290       validateattributes         0000000180015290 f   m_v5VTtcRQevfNVdrzA5wKAG.obj
 0001:00014560       b_validateattributes       0000000180015560 f   m_v5VTtcRQevfNVdrzA5wKAG.obj
 0001:00014830       d_strcmp                   0000000180015830 f   m_v5VTtcRQevfNVdrzA5wKAG.obj
 0001:00014970       error                      0000000180015970 f   m_v5VTtcRQevfNVdrzA5wKAG.obj
 0001:00014c20       c_validateattributes       0000000180015c20 f   m_v5VTtcRQevfNVdrzA5wKAG.obj
 0001:00015200       RigidBodyTree_addBody      0000000180016200 f   m_v5VTtcRQevfNVdrzA5wKAG.obj
 0001:00016720       b_error                    0000000180017720 f   m_v5VTtcRQevfNVdrzA5wKAG.obj
 0001:000169d0       c_error                    00000001800179d0 f   m_v5VTtcRQevfNVdrzA5wKAG.obj
 0001:00016c80       d_error                    0000000180017c80 f   m_v5VTtcRQevfNVdrzA5wKAG.obj
 0001:00016f10       d_validateattributes       0000000180017f10 f   m_v5VTtcRQevfNVdrzA5wKAG.obj
 0001:000171e0       e_error                    00000001800181e0 f   m_v5VTtcRQevfNVdrzA5wKAG.obj
 0001:00017490       RigidBody_copy             0000000180018490 f   m_v5VTtcRQevfNVdrzA5wKAG.obj
 0001:00019490       e_validateattributes       000000018001a490 f   m_v5VTtcRQevfNVdrzA5wKAG.obj
 0001:00019760       rigidBodyJoint_rigidBodyJoint 000000018001a760 f   m_v5VTtcRQevfNVdrzA5wKAG.obj
 0001:0001ae00       get_match                  000000018001be00 f   m_v5VTtcRQevfNVdrzA5wKAG.obj
 0001:0001bac0       assertSupportedString      000000018001cac0 f   m_v5VTtcRQevfNVdrzA5wKAG.obj
 0001:0001bd10       warning                    000000018001cd10 f   m_v5VTtcRQevfNVdrzA5wKAG.obj
 0001:0001bf90       e_strcmp                   000000018001cf90 f   m_v5VTtcRQevfNVdrzA5wKAG.obj
 0001:0001c040       b_RigidBodyTree_addBody    000000018001d040 f   m_v5VTtcRQevfNVdrzA5wKAG.obj
 0001:0001d560       c_RigidBodyTree_addBody    000000018001e560 f   m_v5VTtcRQevfNVdrzA5wKAG.obj
 0001:0001ea80       d_RigidBodyTree_addBody    000000018001fa80 f   m_v5VTtcRQevfNVdrzA5wKAG.obj
 0001:0001ffa0       e_RigidBodyTree_addBody    0000000180020fa0 f   m_v5VTtcRQevfNVdrzA5wKAG.obj
 0001:000214c0       f_RigidBodyTree_addBody    00000001800224c0 f   m_v5VTtcRQevfNVdrzA5wKAG.obj
 0001:000229e0       g_RigidBodyTree_addBody    00000001800239e0 f   m_v5VTtcRQevfNVdrzA5wKAG.obj
 0001:00023f00       h_RigidBodyTree_addBody    0000000180024f00 f   m_v5VTtcRQevfNVdrzA5wKAG.obj
 0001:00025420       i_RigidBodyTree_addBody    0000000180026420 f   m_v5VTtcRQevfNVdrzA5wKAG.obj
 0001:00026940       DampedBFGSwGradientProjection_DampedBFGSwGradientProjection 0000000180027940 f   m_v5VTtcRQevfNVdrzA5wKAG.obj
 0001:00026af0       MockSystemTimeProvider_MockSystemTimeProvider 0000000180027af0 f   m_v5VTtcRQevfNVdrzA5wKAG.obj
 0001:00026b40       DampedBFGSwGradientProjection_getSolverParams 0000000180027b40 f   m_v5VTtcRQevfNVdrzA5wKAG.obj
 0001:00026c50       mw__internal__call__reset  0000000180027c50 f   m_v5VTtcRQevfNVdrzA5wKAG.obj
 0001:00026fe0       mw__internal__call__step   0000000180027fe0 f   m_v5VTtcRQevfNVdrzA5wKAG.obj
 0001:00027ae0       SystemCore_step            0000000180028ae0 f   m_v5VTtcRQevfNVdrzA5wKAG.obj
 0001:000290f0       b_inverseKinematics_set_RigidBodyTree 000000018002a0f0 f   m_v5VTtcRQevfNVdrzA5wKAG.obj
 0001:0002b0f0       j_RigidBodyTree_addBody    000000018002c0f0 f   m_v5VTtcRQevfNVdrzA5wKAG.obj
 0001:0002c610       k_RigidBodyTree_addBody    000000018002d610 f   m_v5VTtcRQevfNVdrzA5wKAG.obj
 0001:0002db30       l_RigidBodyTree_addBody    000000018002eb30 f   m_v5VTtcRQevfNVdrzA5wKAG.obj
 0001:0002f050       m_RigidBodyTree_addBody    0000000180030050 f   m_v5VTtcRQevfNVdrzA5wKAG.obj
 0001:00030570       n_RigidBodyTree_addBody    0000000180031570 f   m_v5VTtcRQevfNVdrzA5wKAG.obj
 0001:00031a90       o_RigidBodyTree_addBody    0000000180032a90 f   m_v5VTtcRQevfNVdrzA5wKAG.obj
 0001:00032fb0       p_RigidBodyTree_addBody    0000000180033fb0 f   m_v5VTtcRQevfNVdrzA5wKAG.obj
 0001:000344d0       q_RigidBodyTree_addBody    00000001800354d0 f   m_v5VTtcRQevfNVdrzA5wKAG.obj
 0001:000359f0       r_RigidBodyTree_addBody    00000001800369f0 f   m_v5VTtcRQevfNVdrzA5wKAG.obj
 0001:00036f10       inverseKinematics_setupImpl 0000000180037f10 f   m_v5VTtcRQevfNVdrzA5wKAG.obj
 0001:00038f80       eye                        0000000180039f80 f   m_v5VTtcRQevfNVdrzA5wKAG.obj
 0001:00039600       inverseKinematics_setPoseGoal 000000018003a600 f   m_v5VTtcRQevfNVdrzA5wKAG.obj
 0001:0003ab40       f_strcmp                   000000018003bb40 f   m_v5VTtcRQevfNVdrzA5wKAG.obj
 0001:0003abf0       RigidBodyTree_validateInputBodyName 000000018003bbf0 f   m_v5VTtcRQevfNVdrzA5wKAG.obj
 0001:0003b220       inv3x3                     000000018003c220 f   m_v5VTtcRQevfNVdrzA5wKAG.obj
 0001:0003bc20       b_norm                     000000018003cc20 f   m_v5VTtcRQevfNVdrzA5wKAG.obj
 0001:0003bd10       b_warning                  000000018003cd10 f   m_v5VTtcRQevfNVdrzA5wKAG.obj
 0001:0003bf90       c_warning                  000000018003cf90 f   m_v5VTtcRQevfNVdrzA5wKAG.obj
 0001:0003c290       d_warning                  000000018003d290 f   m_v5VTtcRQevfNVdrzA5wKAG.obj
 0001:0003c500       inverseKinematics_solve    000000018003d500 f   m_v5VTtcRQevfNVdrzA5wKAG.obj
 0001:0003eba0       RigidBodyTree_validateConfigurationWithLimits 000000018003fba0 f   m_v5VTtcRQevfNVdrzA5wKAG.obj
 0001:0003fbc0       eml_find                   0000000180040bc0 f   m_v5VTtcRQevfNVdrzA5wKAG.obj
 0001:0003fcf0       indexShapeCheck            0000000180040cf0 f   m_v5VTtcRQevfNVdrzA5wKAG.obj
 0001:0003ff40       e_warning                  0000000180040f40 f   m_v5VTtcRQevfNVdrzA5wKAG.obj
 0001:000401b0       NLPSolverInterface_solve   00000001800411b0 f   m_v5VTtcRQevfNVdrzA5wKAG.obj
 0001:00041930       DampedBFGSwGradientProjection_solveInternal 0000000180042930 f   m_v5VTtcRQevfNVdrzA5wKAG.obj
 0001:00047ea0       IKHelpers_computeCost      0000000180048ea0 f   m_v5VTtcRQevfNVdrzA5wKAG.obj
 0001:00048650       RigidBodyTree_efficientFKAndJacobianForIK 0000000180049650 f   m_v5VTtcRQevfNVdrzA5wKAG.obj
 0001:0004b880       b_RigidBodyTree_validateInputBodyName 000000018004c880 f   m_v5VTtcRQevfNVdrzA5wKAG.obj
 0001:0004bc90       rigidBodyJoint_transformBodyToParent 000000018004cc90 f   m_v5VTtcRQevfNVdrzA5wKAG.obj
 0001:0004c840       normalizeRows              000000018004d840 f   m_v5VTtcRQevfNVdrzA5wKAG.obj
 0001:0004c9b0       cat                        000000018004d9b0 f   m_v5VTtcRQevfNVdrzA5wKAG.obj
 0001:0004cab0       permute                    000000018004dab0 f   m_v5VTtcRQevfNVdrzA5wKAG.obj
 0001:0004cb40       rigidBodyJoint_jointTransform 000000018004db40 f   m_v5VTtcRQevfNVdrzA5wKAG.obj
 0001:0004df00       mtimes                     000000018004ef00 f   m_v5VTtcRQevfNVdrzA5wKAG.obj
 0001:0004e150       IKHelpers_poseError        000000018004f150 f   m_v5VTtcRQevfNVdrzA5wKAG.obj
 0001:0004e4d0       rotm2axang                 000000018004f4d0 f   m_v5VTtcRQevfNVdrzA5wKAG.obj
 0001:0004f120       xzsvdc                     0000000180050120 f   m_v5VTtcRQevfNVdrzA5wKAG.obj
 0001:00050b90       xnrm2                      0000000180051b90 f   m_v5VTtcRQevfNVdrzA5wKAG.obj
 0001:00050cb0       xdotc                      0000000180051cb0 f   m_v5VTtcRQevfNVdrzA5wKAG.obj
 0001:00050d60       b_xnrm2                    0000000180051d60 f   m_v5VTtcRQevfNVdrzA5wKAG.obj
 0001:00050e70       b_mtimes                   0000000180051e70 f   m_v5VTtcRQevfNVdrzA5wKAG.obj
 0001:000510c0       b_eye                      00000001800520c0 f   m_v5VTtcRQevfNVdrzA5wKAG.obj
 0001:00051140       dynamic_size_checks        0000000180052140 f   m_v5VTtcRQevfNVdrzA5wKAG.obj
 0001:00051510       c_mtimes                   0000000180052510 f   m_v5VTtcRQevfNVdrzA5wKAG.obj
 0001:000517f0       b_dynamic_size_checks      00000001800527f0 f   m_v5VTtcRQevfNVdrzA5wKAG.obj
 0001:00051ba0       c_dynamic_size_checks      0000000180052ba0 f   m_v5VTtcRQevfNVdrzA5wKAG.obj
 0001:00051f50       d_dynamic_size_checks      0000000180052f50 f   m_v5VTtcRQevfNVdrzA5wKAG.obj
 0001:00052320       d_mtimes                   0000000180053320 f   m_v5VTtcRQevfNVdrzA5wKAG.obj
[...]
 0004:00000a5c       $pdata$emxInit_real_T1     00000001800a2a5c     m_v5VTtcRQevfNVdrzA5wKAG.obj
 0004:00000a68       $pdata$emxInitStruct_inverseKinematics 00000001800a2a68     m_v5VTtcRQevfNVdrzA5wKAG.obj
 0004:00000a74       $pdata$c_emxInitStruct_robotics_manip_in 00000001800a2a74     m_v5VTtcRQevfNVdrzA5wKAG.obj
 0004:00000a80       $pdata$d_emxInitStruct_robotics_manip_in 00000001800a2a80     m_v5VTtcRQevfNVdrzA5wKAG.obj
 0004:00000a8c       $pdata$e_emxInitStruct_robotics_manip_in 00000001800a2a8c     m_v5VTtcRQevfNVdrzA5wKAG.obj
 0004:00000a98       $pdata$emxInitStruct_robotics_core_int 00000001800a2a98     m_v5VTtcRQevfNVdrzA5wKAG.obj
 0004:00000aa4       $pdata$emxFree_char_T      00000001800a2aa4     m_v5VTtcRQevfNVdrzA5wKAG.obj
 0004:00000ab0       $pdata$emxFreeStruct_robotics_manip_in 00000001800a2ab0     m_v5VTtcRQevfNVdrzA5wKAG.obj
 0004:00000abc       $pdata$emxFreeStruct_rigidBodyJoint 00000001800a2abc     m_v5VTtcRQevfNVdrzA5wKAG.obj
 0004:00000ac8       $pdata$emxFree_real_T      00000001800a2ac8     m_v5VTtcRQevfNVdrzA5wKAG.obj
 0004:00000ad4       $pdata$b_emxFreeStruct_robotics_manip_in 00000001800a2ad4     m_v5VTtcRQevfNVdrzA5wKAG.obj
 0004:00000ae0       $pdata$emxFreeStruct_robotics_slmanip_ 00000001800a2ae0     m_v5VTtcRQevfNVdrzA5wKAG.obj
 0004:00000aec       $pdata$emxFreeStruct_inverseKinematics 00000001800a2aec     m_v5VTtcRQevfNVdrzA5wKAG.obj
 0004:00000af8       $pdata$c_emxFreeStruct_robotics_manip_in 00000001800a2af8     m_v5VTtcRQevfNVdrzA5wKAG.obj
 0004:00000b04       $pdata$d_emxFreeStruct_robotics_manip_in 00000001800a2b04     m_v5VTtcRQevfNVdrzA5wKAG.obj
 0004:00000b10       $pdata$e_emxFreeStruct_robotics_manip_in 00000001800a2b10     m_v5VTtcRQevfNVdrzA5wKAG.obj
 0004:00000b1c       $pdata$emxFreeStruct_robotics_core_int 00000001800a2b1c     m_v5VTtcRQevfNVdrzA5wKAG.obj
 0004:00000b28       $pdata$emxEnsureCapacity_char_T 00000001800a2b28     m_v5VTtcRQevfNVdrzA5wKAG.obj
 0004:00000b34       $pdata$emxEnsureCapacity_real_T 00000001800a2b34     m_v5VTtcRQevfNVdrzA5wKAG.obj
 0004:00000b40       $pdata$emxEnsureCapacity_real_T1 00000001800a2b40     m_v5VTtcRQevfNVdrzA5wKAG.obj
 0004:00000b4c       $pdata$emxEnsureCapacity_int32_T 00000001800a2b4c     m_v5VTtcRQevfNVdrzA5wKAG.obj
 0004:00000b58       $pdata$emxEnsureCapacity_int32_T1 00000001800a2b58     m_v5VTtcRQevfNVdrzA5wKAG.obj
 0004:00000b64       $pdata$emxInit_int32_T     00000001800a2b64     m_v5VTtcRQevfNVdrzA5wKAG.obj
 0004:00000b70       $pdata$emxInit_int32_T1    00000001800a2b70     m_v5VTtcRQevfNVdrzA5wKAG.obj
 0004:00000b7c       $pdata$emxFree_int32_T     00000001800a2b7c     m_v5VTtcRQevfNVdrzA5wKAG.obj
 0004:00000b88       $pdata$emxEnsureCapacity_boolean_T 00000001800a2b88     m_v5VTtcRQevfNVdrzA5wKAG.obj
 0004:00000b94       $pdata$emxInit_boolean_T   00000001800a2b94     m_v5VTtcRQevfNVdrzA5wKAG.obj
 0004:00000ba0       $pdata$emxFree_boolean_T   00000001800a2ba0     m_v5VTtcRQevfNVdrzA5wKAG.obj
 0004:00000bac       $pdata$emxEnsureCapacity_ptrdiff_t 00000001800a2bac     m_v5VTtcRQevfNVdrzA5wKAG.obj
 0004:00000bb8       $pdata$emxInit_ptrdiff_t   00000001800a2bb8     m_v5VTtcRQevfNVdrzA5wKAG.obj
 0004:00000bc4       $pdata$emxFree_ptrdiff_t   00000001800a2bc4     m_v5VTtcRQevfNVdrzA5wKAG.obj
 0004:00000bd0       $pdata$div_nzp_s32         00000001800a2bd0     m_v5VTtcRQevfNVdrzA5wKAG.obj
 0004:00000bdc       $pdata$div_s32_floor       00000001800a2bdc     m_v5VTtcRQevfNVdrzA5wKAG.obj
 0004:00000be8       $pdata$init_simulink_io_address 00000001800a2be8     m_v5VTtcRQevfNVdrzA5wKAG.obj
 0004:00000bf4       $pdata$mdlOutputs_v5VTtcRQevfNVdrzA5wKAG 00000001800a2bf4     m_v5VTtcRQevfNVdrzA5wKAG.obj
 0004:00000c00       $pdata$mdlInitialize_v5VTtcRQevfNVdrzA5wKAG 00000001800a2c00     m_v5VTtcRQevfNVdrzA5wKAG.obj
 0004:00000c0c       $pdata$mdlUpdate_v5VTtcRQevfNVdrzA5wKAG 00000001800a2c0c     m_v5VTtcRQevfNVdrzA5wKAG.obj
 0004:00000c18       $pdata$mdlTerminate_v5VTtcRQevfNVdrzA5wKAG 00000001800a2c18     m_v5VTtcRQevfNVdrzA5wKAG.obj
 0004:00000c24       $pdata$mdlEnable_v5VTtcRQevfNVdrzA5wKAG 00000001800a2c24     m_v5VTtcRQevfNVdrzA5wKAG.obj
 0004:00000c30       $pdata$mdlDisable_v5VTtcRQevfNVdrzA5wKAG 00000001800a2c30     m_v5VTtcRQevfNVdrzA5wKAG.obj
 0004:00000c3c       $pdata$mdlStart_v5VTtcRQevfNVdrzA5wKAG 00000001800a2c3c     m_v5VTtcRQevfNVdrzA5wKAG.obj
 0004:00000c48       $pdata$cgxe_v5VTtcRQevfNVdrzA5wKAG_BuildInfoUpdate 00000001800a2c48     m_v5VTtcRQevfNVdrzA5wKAG.obj
 0004:00000c54       $pdata$cgxe_v5VTtcRQevfNVdrzA5wKAG_fallback_info 00000001800a2c54     m_v5VTtcRQevfNVdrzA5wKAG.obj
 0004:00000c60       $pdata$_vsnprintf_l        00000001800a2c60     InterpolationIkinePD_cgxe_registry.obj
 0004:00000c6c       $pdata$_vsprintf_l         00000001800a2c6c     InterpolationIkinePD_cgxe_registry.obj
 0004:00000c78       $pdata$sprintf             00000001800a2c78     InterpolationIkinePD_cgxe_registry.obj
 0004:00000c84       $pdata$mexFunction         00000001800a2c84     InterpolationIkinePD_cgxe_registry.obj
 0004:00000c90       $pdata$_ssSetInputPortDirectFeedThroughFcn 00000001800a2c90     InterpolationIkinePD_cgxe_registry.obj
 0004:00000c9c       $pdata$_ssSetRWorkValueFcn 00000001800a2c9c     InterpolationIkinePD_cgxe_registry.obj
 0004:00000ca8       $pdata$_ssGetRWorkValueFcn 00000001800a2ca8     InterpolationIkinePD_cgxe_registry.obj
 0004:00000cb4       $pdata$_ssSetIWorkValueFcn 00000001800a2cb4     InterpolationIkinePD_cgxe_registry.obj
 0004:00000cc0       $pdata$_ssGetIWorkValueFcn 00000001800a2cc0     InterpolationIkinePD_cgxe_registry.obj
 0004:00000ccc       $pdata$_ssSetPWorkValueFcn 00000001800a2ccc     InterpolationIkinePD_cgxe_registry.obj
 0004:00000cd8       $pdata$_ssGetPWorkValueFcn 00000001800a2cd8     InterpolationIkinePD_cgxe_registry.obj
 0004:00000ce4       $pdata$_ssGetInputPortSignalFcn 00000001800a2ce4     InterpolationIkinePD_cgxe_registry.obj
 0004:00000cf0       $pdata$_ssGetInputPortBufferDstPortFcn 00000001800a2cf0     InterpolationIkinePD_cgxe_registry.obj
 0004:00000cfc       $pdata$_ssGetInputPortSignalPtrsFcn 00000001800a2cfc     InterpolationIkinePD_cgxe_registry.obj
 0004:00000d08       $pdata$ssGetParameterTuningCompliance 00000001800a2d08     InterpolationIkinePD_cgxe_registry.obj
 0004:00000d14       $pdata$ssGetDTypeIdFromMxArray 00000001800a2d14     InterpolationIkinePD_cgxe_registry.obj
 0004:00000d20       $pdata$ssWriteRTWMx2dMatParam 00000001800a2d20     InterpolationIkinePD_cgxe_registry.obj
 0004:00000d2c       $pdata$ssWriteRTWMxVectParam 00000001800a2d2c     InterpolationIkinePD_cgxe_registry.obj
 0004:00000d38       $pdata$ssWriteRTWParameters 00000001800a2d38     InterpolationIkinePD_cgxe_registry.obj
 0004:00000d44       $pdata$ssWriteRTWParamSettings 00000001800a2d44     InterpolationIkinePD_cgxe_registry.obj
 0004:00000d50       $pdata$ssWriteRTWStr       00000001800a2d50     InterpolationIkinePD_cgxe_registry.obj
 0004:00000d5c       $pdata$ssWriteRTWWorkVect  00000001800a2d5c     InterpolationIkinePD_cgxe_registry.obj
 0004:00000d68       $pdata$ssWarning           00000001800a2d68     InterpolationIkinePD_cgxe_registry.obj
 0004:00000d74       $pdata$ssWriteRTWNameValuePair 00000001800a2d74     InterpolationIkinePD_cgxe_registry.obj
 0004:00000d80       $pdata$_ssSetInputPortMatrixDimensions 00000001800a2d80     InterpolationIkinePD_cgxe_registry.obj
 0004:00000d8c       $pdata$_ssSetOutputPortMatrixDimensions 00000001800a2d8c     InterpolationIkinePD_cgxe_registry.obj
 0004:00000d98       $pdata$_ssSetInputPortVectorDimension 00000001800a2d98     InterpolationIkinePD_cgxe_registry.obj
 0004:00000da4       $pdata$_ssSetOutputPortVectorDimension 00000001800a2da4     InterpolationIkinePD_cgxe_registry.obj
 0004:00000db0       $pdata$ssIsRunTimeParamTunable 00000001800a2db0     InterpolationIkinePD_cgxe_registry.obj
 0004:00000dbc       $pdata$ssGetSFuncBlockHandle 00000001800a2dbc     InterpolationIkinePD_cgxe_registry.obj
 0004:00000dc8       $pdata$_ssGetCurrentInputPortWidth 00000001800a2dc8     InterpolationIkinePD_cgxe_registry.obj
 0004:00000dd4       $pdata$_ssGetCurrentOutputPortWidth 00000001800a2dd4     InterpolationIkinePD_cgxe_registry.obj
 0004:00000de0       $pdata$_ssGetCallSystemNumFcnCallDestinations 00000001800a2de0     InterpolationIkinePD_cgxe_registry.obj
 0004:00000dec       $pdata$ssGetIsZeroCrossControlDisabled 00000001800a2dec     InterpolationIkinePD_cgxe_registry.obj
 0004:00000df8       $pdata$ssSetIsInputPortUsedForContZcSignal 00000001800a2df8     InterpolationIkinePD_cgxe_registry.obj
 0004:00000e04       $pdata$ssSetZcSignalIsZcElementDisc 00000001800a2e04     InterpolationIkinePD_cgxe_registry.obj
 0004:00000e10       $pdata$ssSetZcSignalName   00000001800a2e10     InterpolationIkinePD_cgxe_registry.obj
 0004:00000e1c       $pdata$ssSetZcSignalWidth  00000001800a2e1c     InterpolationIkinePD_cgxe_registry.obj
 0004:00000e28       $pdata$ssSetZcSignalZcEventType 00000001800a2e28     InterpolationIkinePD_cgxe_registry.obj
 0004:00000e34       $pdata$ssSetZcSignalType   00000001800a2e34     InterpolationIkinePD_cgxe_registry.obj
 0004:00000e40       $pdata$ssSetZcSignalZcTol  00000001800a2e40     InterpolationIkinePD_cgxe_registry.obj
 0004:00000e4c       $pdata$ssSetZcSignalNeedsEventNotification 00000001800a2e4c     InterpolationIkinePD_cgxe_registry.obj
 0004:00000e58       $pdata$ssCreateAndAddZcSignalInfo 00000001800a2e58     InterpolationIkinePD_cgxe_registry.obj
 0004:00000e64       $pdata$ssCloneAndAddZcSignalInfo 00000001800a2e64     InterpolationIkinePD_cgxe_registry.obj
 0004:00000e70       $pdata$ssGetNumZcSignals   00000001800a2e70     InterpolationIkinePD_cgxe_registry.obj
 0004:00000e7c       $pdata$ssGetZcSignalVector 00000001800a2e7c     InterpolationIkinePD_cgxe_registry.obj
 0004:00000e88       $pdata$ssGetZcSignalName   00000001800a2e88     InterpolationIkinePD_cgxe_registry.obj
 0004:00000e94       $pdata$ssGetZcSignalWidth  00000001800a2e94     InterpolationIkinePD_cgxe_registry.obj
 0004:00000ea0       $pdata$ssGetZcSignalZcEventType 00000001800a2ea0     InterpolationIkinePD_cgxe_registry.obj
 0004:00000eac       $pdata$ssGetZcSignalZcEvents 00000001800a2eac     InterpolationIkinePD_cgxe_registry.obj
 0004:00000eb8       $pdata$ssGetZcSignalType   00000001800a2eb8     InterpolationIkinePD_cgxe_registry.obj
 0004:00000ec4       $pdata$ssGetZcSignalZcTol  00000001800a2ec4     InterpolationIkinePD_cgxe_registry.obj
 0004:00000ed0       $pdata$ssGetZcSignalNeedsEventNotification 00000001800a2ed0     InterpolationIkinePD_cgxe_registry.obj
 0004:00000edc       $pdata$ssGetZcSignalIsZcElementDisc 00000001800a2edc     InterpolationIkinePD_cgxe_registry.obj
 0004:00000ee8       $pdata$ssGetIsInputPortElementContinuous 00000001800a2ee8     InterpolationIkinePD_cgxe_registry.obj
 0004:00000ef4       $pdata$_ssGetAbsTol        00000001800a2ef4     InterpolationIkinePD_cgxe_registry.obj
 0004:00000f00       $pdata$_ssSetInputPortReusableFcn 00000001800a2f00     InterpolationIkinePD_cgxe_registry.obj
 0004:00000f0c       $pdata$_ssSetOutputPortReusableFcn 00000001800a2f0c     InterpolationIkinePD_cgxe_registry.obj
 0004:00000f18       $pdata$_ssSetSymbolicDimsSupport 00000001800a2f18     InterpolationIkinePD_cgxe_registry.obj
 0004:00000f24       $pdata$_ssRegisterSymbolicDimsExpr 00000001800a2f24     InterpolationIkinePD_cgxe_registry.obj
 0004:00000f30       $pdata$_ssRegisterSymbolicDims 00000001800a2f30     InterpolationIkinePD_cgxe_registry.obj
 0004:00000f3c       $pdata$_ssRegisterSymbolicDimsString 00000001800a2f3c     InterpolationIkinePD_cgxe_registry.obj
 0004:00000f48       $pdata$_ssRegisterSymbolicDimsIntValue 00000001800a2f48     InterpolationIkinePD_cgxe_registry.obj
 0004:00000f54       $pdata$_ssRegisterSymbolicDimsPlus 00000001800a2f54     InterpolationIkinePD_cgxe_registry.obj
 0004:00000f60       $pdata$_ssRegisterSymbolicDimsMinus 00000001800a2f60     InterpolationIkinePD_cgxe_registry.obj
 0004:00000f6c       $pdata$_ssRegisterSymbolicDimsMultiply 00000001800a2f6c     InterpolationIkinePD_cgxe_registry.obj
 0004:00000f78       $pdata$_ssRegisterSymbolicDimsDivide 00000001800a2f78     InterpolationIkinePD_cgxe_registry.obj
 0004:00000f84       $pdata$_ssGetNumSymbolicDims 00000001800a2f84     InterpolationIkinePD_cgxe_registry.obj
 0004:00000f90       $pdata$_ssGetSymbolicDim   00000001800a2f90     InterpolationIkinePD_cgxe_registry.obj
 0004:00000f9c       $pdata$_ssSetInputPortSymbolicDimsId 00000001800a2f9c     InterpolationIkinePD_cgxe_registry.obj
 0004:00000fa8       $pdata$_ssGetCompInputPortSymbolicDimsId 00000001800a2fa8     InterpolationIkinePD_cgxe_registry.obj
 0004:00000fb4       $pdata$_ssSetCompInputPortSymbolicDimsId 00000001800a2fb4     InterpolationIkinePD_cgxe_registry.obj
 0004:00000fc0       $pdata$_ssSetOutputPortSymbolicDimsId 00000001800a2fc0     InterpolationIkinePD_cgxe_registry.obj
 0004:00000fcc       $pdata$_ssGetCompOutputPortSymbolicDimsId 00000001800a2fcc     InterpolationIkinePD_cgxe_registry.obj
 0004:00000fd8       $pdata$_ssSetCompOutputPortSymbolicDimsId 00000001800a2fd8     InterpolationIkinePD_cgxe_registry.obj
 0004:00000fe4       $pdata$_ssSetCompDWorkSymbolicDimsId 00000001800a2fe4     InterpolationIkinePD_cgxe_registry.obj
 0004:00000ff0       $pdata$mdlStart            00000001800a2ff0     InterpolationIkinePD_cgxe_registry.obj
 0004:00000ffc       $pdata$mdlInitializeConditions 00000001800a2ffc     InterpolationIkinePD_cgxe_registry.obj
 0004:00001008       $pdata$mdlUpdate           00000001800a3008     InterpolationIkinePD_cgxe_registry.obj
 0004:00001014       $pdata$mdlOutputs          00000001800a3014     InterpolationIkinePD_cgxe_registry.obj
 0004:00001020       $pdata$mdlTerminate        00000001800a3020     InterpolationIkinePD_cgxe_registry.obj
 0004:0000102c       $pdata$cgxe_get_supported_modules 00000001800a302c     InterpolationIkinePD_cgxe_registry.obj
 0004:00001038       $pdata$cgxe_process_get_checksums 00000001800a3038     InterpolationIkinePD_cgxe_registry.obj
 0004:00001044       $pdata$cgxe_mex_unlock_call 00000001800a3044     InterpolationIkinePD_cgxe_registry.obj
 0004:00001050       $pdata$cgxe_unpack_simstruct 00000001800a3050     InterpolationIkinePD_cgxe_registry.obj
 0004:0000105c       $pdata$cgxe_get_sim_state  00000001800a305c     InterpolationIkinePD_cgxe_registry.obj
 0004:00001068       $pdata$cgxe_set_sim_state  00000001800a3068     InterpolationIkinePD_cgxe_registry.obj
 0004:00001074       $pdata$cgxe_get_BuildInfoUpdate 00000001800a3074     InterpolationIkinePD_cgxe_registry.obj
 0004:00001080       $pdata$cgxe_get_fallback_info 00000001800a3080     InterpolationIkinePD_cgxe_registry.obj
 0004:0000108c       $pdata$ProcessMexSfunctionCmdLineCall 00000001800a308c     InterpolationIkinePD_cgxe_registry.obj
 0004:00001098       $pdata$_RegNumInputPortsCB 00000001800a3098     InterpolationIkinePD_cgxe_registry.obj
 0004:000010a4       $pdata$_RegNumOutputPortsCB 00000001800a30a4     InterpolationIkinePD_cgxe_registry.obj
 0004:000010b0       $pdata$_CreateSimStruct    00000001800a30b0     InterpolationIkinePD_cgxe_registry.obj
 0004:000010bc       $pdata$_ProcessMexSfunctionCmdLineCall 00000001800a30bc     InterpolationIkinePD_cgxe_registry.obj
 0004:000010c8       $pdata$ReportIndexOutOfBoundsError 00000001800a30c8     InterpolationIkinePD_cgxe_registry.obj
 0004:000010d4       $pdata$__report_securityfailure 00000001800a30d4     MSVCRT:gs_report.obj
 0004:000010e0       $pdata$__report_securityfailureEx 00000001800a30e0     MSVCRT:gs_report.obj
 0004:000010ec       $pdata$__report_rangecheckfailure 00000001800a30ec     MSVCRT:gs_report.obj
 0004:000010f8       $pdata$__report_gsfailure  00000001800a30f8     MSVCRT:gs_report.obj
 0004:00001104       $pdata$capture_current_context 00000001800a3104     MSVCRT:gs_report.obj
 0004:00001110       $pdata$capture_previous_context 00000001800a3110     MSVCRT:gs_report.obj
 0004:0000111c       $pdata$__raise_securityfailure 00000001800a311c     MSVCRT:gs_report.obj
 0004:00001128       $pdata$__GSHandlerCheckCommon 00000001800a3128     MSVCRT:gshandler.obj
 0004:00001134       $pdata$__GSHandlerCheck    00000001800a3134     MSVCRT:gshandler.obj
 0004:0000114c       $pdata$?dllmain_crt_process_attach@@YAHQEAUHINSTANCE__@@QEAX@Z 00000001800a314c     MSVCRT:dll_dllmain.obj
 0004:00001158       $pdata$?fin$0@?0??dllmain_crt_process_attach@@YAHQEAUHINSTANCE__@@QEAX@Z@4HA 00000001800a3158     MSVCRT:dll_dllmain.obj
 0004:00001164       $pdata$?dllmain_crt_process_detach@@YAH_N@Z 00000001800a3164     MSVCRT:dll_dllmain.obj
 0004:00001170       $pdata$?fin$0@?0??dllmain_crt_process_detach@@YAH_N@Z@4HA 00000001800a3170     MSVCRT:dll_dllmain.obj
 0004:0000117c       $pdata$?dllmain_crt_dispatch@@YAHQEAUHINSTANCE__@@KQEAX@Z 00000001800a317c     MSVCRT:dll_dllmain.obj
 0004:00001188       $pdata$?dllmain_dispatch@@YAHQEAUHINSTANCE__@@KQEAX@Z 00000001800a3188     MSVCRT:dll_dllmain.obj
 0004:00001194       $pdata$?filt$0@?0??dllmain_dispatch@@YAHQEAUHINSTANCE__@@KQEAX@Z@4HA 00000001800a3194     MSVCRT:dll_dllmain.obj
 0004:000011a0       $pdata$_DllMainCRTStartup  00000001800a31a0     MSVCRT:dll_dllmain.obj
 0004:000011ac       $pdata$__security_init_cookie 00000001800a31ac     MSVCRT:gs_support.obj
 0004:000011b8       $pdata$__get_entropy       00000001800a31b8     MSVCRT:gs_support.obj
 0004:000011c4       $pdata$DllMain             00000001800a31c4     MSVCRT:dll_dllmain_stub.obj
 0004:000011d0       $pdata$__scrt_initialize_default_local_stdio_options 00000001800a31d0     MSVCRT:default_local_stdio_options.obj
 0004:000011dc       $pdata$atexit              00000001800a31dc     MSVCRT:utility.obj
 0004:000011e8       $pdata$_onexit             00000001800a31e8     MSVCRT:utility.obj
 0004:000011f4       $pdata$__scrt_is_nonwritable_in_current_image 00000001800a31f4     MSVCRT:utility.obj
 0004:00001200       $pdata$__scrt_is_nonwritable_in_current_image$filt$0 00000001800a3200     MSVCRT:utility.obj
 0004:0000120c       $pdata$__scrt_acquire_startup_lock 00000001800a320c     MSVCRT:utility.obj
 0004:00001218       $pdata$__scrt_release_startup_lock 00000001800a3218     MSVCRT:utility.obj
 0004:00001224       $pdata$__scrt_initialize_crt 00000001800a3224     MSVCRT:utility.obj
 0004:00001230       $pdata$__scrt_uninitialize_crt 00000001800a3230     MSVCRT:utility.obj
 0004:0000123c       $pdata$__scrt_initialize_onexit_tables 00000001800a323c     MSVCRT:utility.obj
 0004:00001248       $pdata$__scrt_dllmain_exception_filter 00000001800a3248     MSVCRT:utility.obj
 0004:00001254       $pdata$__scrt_dllmain_before_initialize_c 00000001800a3254     MSVCRT:utility.obj
 0004:00001260       $pdata$__scrt_dllmain_after_initialize_c 00000001800a3260     MSVCRT:utility.obj
 0004:0000126c       $pdata$__scrt_dllmain_uninitialize_c 00000001800a326c     MSVCRT:utility.obj
 0004:00001278       $pdata$__scrt_dllmain_uninitialize_critical 00000001800a3278     MSVCRT:utility.obj
 0004:00001284       $pdata$__scrt_dllmain_crt_thread_attach 00000001800a3284     MSVCRT:utility.obj
 0004:00001290       $pdata$__scrt_dllmain_crt_thread_detach 00000001800a3290     MSVCRT:utility.obj
 0004:0000129c       $pdata$?configure_argv@__scrt_narrow_argv_policy@@SAHXZ 00000001800a329c     MSVCRT:utility.obj
 0004:000012a8       $pdata$__scrt_get_show_window_mode 00000001800a32a8     MSVCRT:utility_desktop.obj
 0004:000012b4       $pdata$__scrt_is_managed_app 00000001800a32b4     MSVCRT:utility_desktop.obj
 0004:000012c0       $pdata$__scrt_fastfail     00000001800a32c0     MSVCRT:utility_desktop.obj
 0004:000012cc       $pdata$__scrt_unhandled_exception_filter 00000001800a32cc     MSVCRT:utility_desktop.obj
 0004:000012d8       $pdata$_RTC_Initialize     00000001800a32d8     MSVCRT:initsect.obj
 0004:000012e4       $pdata$_RTC_Terminate      00000001800a32e4     MSVCRT:initsect.obj
 0004:000012f0       $pdata$__isa_available_init 00000001800a32f0     MSVCRT:cpu_disp.obj
